Archive member included to satisfy reference by file (symbol)

/usr/lib/gcc/arm-none-eabi/9.2.1/../../../arm-none-eabi/lib/thumb/v7-m/nofp/libc.a(lib_a-strlen-stub.o)
                              miniprintf.o (strlen)
/home/rafael/curso_alura_cpp/UFC/RTOS/Pratica_0/stm32f103c8t6/libopencm3/lib/libopencm3_stm32f1.a(gpio.o)
                              uart.o (gpio_set_mode)
/home/rafael/curso_alura_cpp/UFC/RTOS/Pratica_0/stm32f103c8t6/libopencm3/lib/libopencm3_stm32f1.a(rcc.o)
                              uart.o (rcc_clock_setup_in_hse_8mhz_out_24mhz)
/home/rafael/curso_alura_cpp/UFC/RTOS/Pratica_0/stm32f103c8t6/libopencm3/lib/libopencm3_stm32f1.a(gpio_common_all.o)
                              uart.o (gpio_toggle)
/home/rafael/curso_alura_cpp/UFC/RTOS/Pratica_0/stm32f103c8t6/libopencm3/lib/libopencm3_stm32f1.a(usart_common_all.o)
                              uart.o (usart_set_baudrate)
/home/rafael/curso_alura_cpp/UFC/RTOS/Pratica_0/stm32f103c8t6/libopencm3/lib/libopencm3_stm32f1.a(usart_common_f124.o)
                              /home/rafael/curso_alura_cpp/UFC/RTOS/Pratica_0/stm32f103c8t6/libopencm3/lib/libopencm3_stm32f1.a(usart_common_all.o) (usart_send)
/home/rafael/curso_alura_cpp/UFC/RTOS/Pratica_0/stm32f103c8t6/libopencm3/lib/libopencm3_stm32f1.a(rcc_common_all.o)
                              uart.o (rcc_periph_clock_enable)
/home/rafael/curso_alura_cpp/UFC/RTOS/Pratica_0/stm32f103c8t6/libopencm3/lib/libopencm3_stm32f1.a(flash_common_f01.o)
                              /home/rafael/curso_alura_cpp/UFC/RTOS/Pratica_0/stm32f103c8t6/libopencm3/lib/libopencm3_stm32f1.a(rcc.o) (flash_set_ws)
/home/rafael/curso_alura_cpp/UFC/RTOS/Pratica_0/stm32f103c8t6/libopencm3/lib/libopencm3_stm32f1.a(vector.o)
                              (reset_handler)
/home/rafael/curso_alura_cpp/UFC/RTOS/Pratica_0/stm32f103c8t6/libopencm3/lib/libopencm3_stm32f1.a(assert.o)
                              /home/rafael/curso_alura_cpp/UFC/RTOS/Pratica_0/stm32f103c8t6/libopencm3/lib/libopencm3_stm32f1.a(rcc.o) (cm3_assert_failed)
/home/rafael/curso_alura_cpp/UFC/RTOS/Pratica_0/stm32f103c8t6/libopencm3/lib/libopencm3_stm32f1.a(flash.o)
                              /home/rafael/curso_alura_cpp/UFC/RTOS/Pratica_0/stm32f103c8t6/libopencm3/lib/libopencm3_stm32f1.a(flash_common_f01.o) (flash_get_status_flags)

Discarded input sections

 .text          0x0000000000000000        0x0 uart.o
 .data          0x0000000000000000        0x0 uart.o
 .bss           0x0000000000000000        0x0 uart.o
 .text          0x0000000000000000        0x0 miniprintf.o
 .data          0x0000000000000000        0x0 miniprintf.o
 .bss           0x0000000000000000        0x0 miniprintf.o
 .text.mini_vprintf_uncooked
                0x0000000000000000       0x30 miniprintf.o
 .data          0x0000000000000000        0x0 /usr/lib/gcc/arm-none-eabi/9.2.1/../../../arm-none-eabi/lib/thumb/v7-m/nofp/libc.a(lib_a-strlen-stub.o)
 .bss           0x0000000000000000        0x0 /usr/lib/gcc/arm-none-eabi/9.2.1/../../../arm-none-eabi/lib/thumb/v7-m/nofp/libc.a(lib_a-strlen-stub.o)
 .group         0x0000000000000000        0xc /home/rafael/curso_alura_cpp/UFC/RTOS/Pratica_0/stm32f103c8t6/libopencm3/lib/libopencm3_stm32f1.a(gpio.o)
 .group         0x0000000000000000        0xc /home/rafael/curso_alura_cpp/UFC/RTOS/Pratica_0/stm32f103c8t6/libopencm3/lib/libopencm3_stm32f1.a(gpio.o)
 .group         0x0000000000000000        0xc /home/rafael/curso_alura_cpp/UFC/RTOS/Pratica_0/stm32f103c8t6/libopencm3/lib/libopencm3_stm32f1.a(gpio.o)
 .group         0x0000000000000000        0xc /home/rafael/curso_alura_cpp/UFC/RTOS/Pratica_0/stm32f103c8t6/libopencm3/lib/libopencm3_stm32f1.a(gpio.o)
 .group         0x0000000000000000        0xc /home/rafael/curso_alura_cpp/UFC/RTOS/Pratica_0/stm32f103c8t6/libopencm3/lib/libopencm3_stm32f1.a(gpio.o)
 .group         0x0000000000000000        0xc /home/rafael/curso_alura_cpp/UFC/RTOS/Pratica_0/stm32f103c8t6/libopencm3/lib/libopencm3_stm32f1.a(gpio.o)
 .group         0x0000000000000000        0xc /home/rafael/curso_alura_cpp/UFC/RTOS/Pratica_0/stm32f103c8t6/libopencm3/lib/libopencm3_stm32f1.a(gpio.o)
 .group         0x0000000000000000        0xc /home/rafael/curso_alura_cpp/UFC/RTOS/Pratica_0/stm32f103c8t6/libopencm3/lib/libopencm3_stm32f1.a(gpio.o)
 .text          0x0000000000000000        0x0 /home/rafael/curso_alura_cpp/UFC/RTOS/Pratica_0/stm32f103c8t6/libopencm3/lib/libopencm3_stm32f1.a(gpio.o)
 .data          0x0000000000000000        0x0 /home/rafael/curso_alura_cpp/UFC/RTOS/Pratica_0/stm32f103c8t6/libopencm3/lib/libopencm3_stm32f1.a(gpio.o)
 .bss           0x0000000000000000        0x0 /home/rafael/curso_alura_cpp/UFC/RTOS/Pratica_0/stm32f103c8t6/libopencm3/lib/libopencm3_stm32f1.a(gpio.o)
 .text.gpio_set_eventout
                0x0000000000000000       0x10 /home/rafael/curso_alura_cpp/UFC/RTOS/Pratica_0/stm32f103c8t6/libopencm3/lib/libopencm3_stm32f1.a(gpio.o)
 .text.gpio_primary_remap
                0x0000000000000000       0x14 /home/rafael/curso_alura_cpp/UFC/RTOS/Pratica_0/stm32f103c8t6/libopencm3/lib/libopencm3_stm32f1.a(gpio.o)
 .text.gpio_secondary_remap
                0x0000000000000000       0x10 /home/rafael/curso_alura_cpp/UFC/RTOS/Pratica_0/stm32f103c8t6/libopencm3/lib/libopencm3_stm32f1.a(gpio.o)
 .group         0x0000000000000000        0xc /home/rafael/curso_alura_cpp/UFC/RTOS/Pratica_0/stm32f103c8t6/libopencm3/lib/libopencm3_stm32f1.a(rcc.o)
 .group         0x0000000000000000        0xc /home/rafael/curso_alura_cpp/UFC/RTOS/Pratica_0/stm32f103c8t6/libopencm3/lib/libopencm3_stm32f1.a(rcc.o)
 .group         0x0000000000000000        0xc /home/rafael/curso_alura_cpp/UFC/RTOS/Pratica_0/stm32f103c8t6/libopencm3/lib/libopencm3_stm32f1.a(rcc.o)
 .group         0x0000000000000000        0xc /home/rafael/curso_alura_cpp/UFC/RTOS/Pratica_0/stm32f103c8t6/libopencm3/lib/libopencm3_stm32f1.a(rcc.o)
 .group         0x0000000000000000        0xc /home/rafael/curso_alura_cpp/UFC/RTOS/Pratica_0/stm32f103c8t6/libopencm3/lib/libopencm3_stm32f1.a(rcc.o)
 .group         0x0000000000000000        0xc /home/rafael/curso_alura_cpp/UFC/RTOS/Pratica_0/stm32f103c8t6/libopencm3/lib/libopencm3_stm32f1.a(rcc.o)
 .group         0x0000000000000000        0xc /home/rafael/curso_alura_cpp/UFC/RTOS/Pratica_0/stm32f103c8t6/libopencm3/lib/libopencm3_stm32f1.a(rcc.o)
 .group         0x0000000000000000        0xc /home/rafael/curso_alura_cpp/UFC/RTOS/Pratica_0/stm32f103c8t6/libopencm3/lib/libopencm3_stm32f1.a(rcc.o)
 .group         0x0000000000000000        0xc /home/rafael/curso_alura_cpp/UFC/RTOS/Pratica_0/stm32f103c8t6/libopencm3/lib/libopencm3_stm32f1.a(rcc.o)
 .group         0x0000000000000000        0xc /home/rafael/curso_alura_cpp/UFC/RTOS/Pratica_0/stm32f103c8t6/libopencm3/lib/libopencm3_stm32f1.a(rcc.o)
 .text          0x0000000000000000        0x0 /home/rafael/curso_alura_cpp/UFC/RTOS/Pratica_0/stm32f103c8t6/libopencm3/lib/libopencm3_stm32f1.a(rcc.o)
 .data          0x0000000000000000        0x0 /home/rafael/curso_alura_cpp/UFC/RTOS/Pratica_0/stm32f103c8t6/libopencm3/lib/libopencm3_stm32f1.a(rcc.o)
 .bss           0x0000000000000000        0x0 /home/rafael/curso_alura_cpp/UFC/RTOS/Pratica_0/stm32f103c8t6/libopencm3/lib/libopencm3_stm32f1.a(rcc.o)
 .text.rcc_osc_ready_int_clear
                0x0000000000000000       0x5c /home/rafael/curso_alura_cpp/UFC/RTOS/Pratica_0/stm32f103c8t6/libopencm3/lib/libopencm3_stm32f1.a(rcc.o)
 .text.rcc_osc_ready_int_enable
                0x0000000000000000       0x5c /home/rafael/curso_alura_cpp/UFC/RTOS/Pratica_0/stm32f103c8t6/libopencm3/lib/libopencm3_stm32f1.a(rcc.o)
 .text.rcc_osc_ready_int_disable
                0x0000000000000000       0x5c /home/rafael/curso_alura_cpp/UFC/RTOS/Pratica_0/stm32f103c8t6/libopencm3/lib/libopencm3_stm32f1.a(rcc.o)
 .text.rcc_osc_ready_int_flag
                0x0000000000000000       0x54 /home/rafael/curso_alura_cpp/UFC/RTOS/Pratica_0/stm32f103c8t6/libopencm3/lib/libopencm3_stm32f1.a(rcc.o)
 .text.rcc_css_int_clear
                0x0000000000000000       0x10 /home/rafael/curso_alura_cpp/UFC/RTOS/Pratica_0/stm32f103c8t6/libopencm3/lib/libopencm3_stm32f1.a(rcc.o)
 .text.rcc_css_int_flag
                0x0000000000000000       0x10 /home/rafael/curso_alura_cpp/UFC/RTOS/Pratica_0/stm32f103c8t6/libopencm3/lib/libopencm3_stm32f1.a(rcc.o)
 .text.rcc_osc_off
                0x0000000000000000       0x58 /home/rafael/curso_alura_cpp/UFC/RTOS/Pratica_0/stm32f103c8t6/libopencm3/lib/libopencm3_stm32f1.a(rcc.o)
 .text.rcc_css_enable
                0x0000000000000000       0x10 /home/rafael/curso_alura_cpp/UFC/RTOS/Pratica_0/stm32f103c8t6/libopencm3/lib/libopencm3_stm32f1.a(rcc.o)
 .text.rcc_css_disable
                0x0000000000000000       0x10 /home/rafael/curso_alura_cpp/UFC/RTOS/Pratica_0/stm32f103c8t6/libopencm3/lib/libopencm3_stm32f1.a(rcc.o)
 .text.rcc_set_pll2_multiplication_factor
                0x0000000000000000       0x14 /home/rafael/curso_alura_cpp/UFC/RTOS/Pratica_0/stm32f103c8t6/libopencm3/lib/libopencm3_stm32f1.a(rcc.o)
 .text.rcc_set_pll3_multiplication_factor
                0x0000000000000000       0x14 /home/rafael/curso_alura_cpp/UFC/RTOS/Pratica_0/stm32f103c8t6/libopencm3/lib/libopencm3_stm32f1.a(rcc.o)
 .text.rcc_rtc_clock_enabled_flag
                0x0000000000000000       0x10 /home/rafael/curso_alura_cpp/UFC/RTOS/Pratica_0/stm32f103c8t6/libopencm3/lib/libopencm3_stm32f1.a(rcc.o)
 .text.rcc_enable_rtc_clock
                0x0000000000000000       0x10 /home/rafael/curso_alura_cpp/UFC/RTOS/Pratica_0/stm32f103c8t6/libopencm3/lib/libopencm3_stm32f1.a(rcc.o)
 .text.rcc_set_rtc_clock_source
                0x0000000000000000       0x90 /home/rafael/curso_alura_cpp/UFC/RTOS/Pratica_0/stm32f103c8t6/libopencm3/lib/libopencm3_stm32f1.a(rcc.o)
 .text.rcc_set_usbpre
                0x0000000000000000       0x18 /home/rafael/curso_alura_cpp/UFC/RTOS/Pratica_0/stm32f103c8t6/libopencm3/lib/libopencm3_stm32f1.a(rcc.o)
 .text.rcc_set_prediv1
                0x0000000000000000       0x14 /home/rafael/curso_alura_cpp/UFC/RTOS/Pratica_0/stm32f103c8t6/libopencm3/lib/libopencm3_stm32f1.a(rcc.o)
 .text.rcc_set_prediv2
                0x0000000000000000       0x14 /home/rafael/curso_alura_cpp/UFC/RTOS/Pratica_0/stm32f103c8t6/libopencm3/lib/libopencm3_stm32f1.a(rcc.o)
 .text.rcc_set_prediv1_source
                0x0000000000000000       0x18 /home/rafael/curso_alura_cpp/UFC/RTOS/Pratica_0/stm32f103c8t6/libopencm3/lib/libopencm3_stm32f1.a(rcc.o)
 .text.rcc_system_clock_source
                0x0000000000000000       0x10 /home/rafael/curso_alura_cpp/UFC/RTOS/Pratica_0/stm32f103c8t6/libopencm3/lib/libopencm3_stm32f1.a(rcc.o)
 .text.rcc_clock_setup_in_hsi_out_64mhz
                0x0000000000000000       0x74 /home/rafael/curso_alura_cpp/UFC/RTOS/Pratica_0/stm32f103c8t6/libopencm3/lib/libopencm3_stm32f1.a(rcc.o)
 .text.rcc_clock_setup_in_hsi_out_48mhz
                0x0000000000000000       0x84 /home/rafael/curso_alura_cpp/UFC/RTOS/Pratica_0/stm32f103c8t6/libopencm3/lib/libopencm3_stm32f1.a(rcc.o)
 .text.rcc_clock_setup_in_hsi_out_24mhz
                0x0000000000000000       0x70 /home/rafael/curso_alura_cpp/UFC/RTOS/Pratica_0/stm32f103c8t6/libopencm3/lib/libopencm3_stm32f1.a(rcc.o)
 .text.rcc_clock_setup_in_hse_8mhz_out_72mhz
                0x0000000000000000       0x8c /home/rafael/curso_alura_cpp/UFC/RTOS/Pratica_0/stm32f103c8t6/libopencm3/lib/libopencm3_stm32f1.a(rcc.o)
 .text.rcc_clock_setup_in_hse_12mhz_out_72mhz
                0x0000000000000000       0x8c /home/rafael/curso_alura_cpp/UFC/RTOS/Pratica_0/stm32f103c8t6/libopencm3/lib/libopencm3_stm32f1.a(rcc.o)
 .text.rcc_clock_setup_in_hse_16mhz_out_72mhz
                0x0000000000000000       0x8c /home/rafael/curso_alura_cpp/UFC/RTOS/Pratica_0/stm32f103c8t6/libopencm3/lib/libopencm3_stm32f1.a(rcc.o)
 .text.rcc_clock_setup_in_hse_25mhz_out_72mhz
                0x0000000000000000       0xac /home/rafael/curso_alura_cpp/UFC/RTOS/Pratica_0/stm32f103c8t6/libopencm3/lib/libopencm3_stm32f1.a(rcc.o)
 .text.rcc_backupdomain_reset
                0x0000000000000000       0x18 /home/rafael/curso_alura_cpp/UFC/RTOS/Pratica_0/stm32f103c8t6/libopencm3/lib/libopencm3_stm32f1.a(rcc.o)
 .debug_macro   0x0000000000000000      0xa90 /home/rafael/curso_alura_cpp/UFC/RTOS/Pratica_0/stm32f103c8t6/libopencm3/lib/libopencm3_stm32f1.a(rcc.o)
 .debug_macro   0x0000000000000000      0x34e /home/rafael/curso_alura_cpp/UFC/RTOS/Pratica_0/stm32f103c8t6/libopencm3/lib/libopencm3_stm32f1.a(rcc.o)
 .debug_macro   0x0000000000000000       0x22 /home/rafael/curso_alura_cpp/UFC/RTOS/Pratica_0/stm32f103c8t6/libopencm3/lib/libopencm3_stm32f1.a(rcc.o)
 .debug_macro   0x0000000000000000       0xfa /home/rafael/curso_alura_cpp/UFC/RTOS/Pratica_0/stm32f103c8t6/libopencm3/lib/libopencm3_stm32f1.a(rcc.o)
 .debug_macro   0x0000000000000000       0x58 /home/rafael/curso_alura_cpp/UFC/RTOS/Pratica_0/stm32f103c8t6/libopencm3/lib/libopencm3_stm32f1.a(rcc.o)
 .debug_macro   0x0000000000000000      0x1b4 /home/rafael/curso_alura_cpp/UFC/RTOS/Pratica_0/stm32f103c8t6/libopencm3/lib/libopencm3_stm32f1.a(rcc.o)
 .group         0x0000000000000000        0xc /home/rafael/curso_alura_cpp/UFC/RTOS/Pratica_0/stm32f103c8t6/libopencm3/lib/libopencm3_stm32f1.a(gpio_common_all.o)
 .group         0x0000000000000000        0xc /home/rafael/curso_alura_cpp/UFC/RTOS/Pratica_0/stm32f103c8t6/libopencm3/lib/libopencm3_stm32f1.a(gpio_common_all.o)
 .group         0x0000000000000000        0xc /home/rafael/curso_alura_cpp/UFC/RTOS/Pratica_0/stm32f103c8t6/libopencm3/lib/libopencm3_stm32f1.a(gpio_common_all.o)
 .group         0x0000000000000000        0xc /home/rafael/curso_alura_cpp/UFC/RTOS/Pratica_0/stm32f103c8t6/libopencm3/lib/libopencm3_stm32f1.a(gpio_common_all.o)
 .group         0x0000000000000000        0xc /home/rafael/curso_alura_cpp/UFC/RTOS/Pratica_0/stm32f103c8t6/libopencm3/lib/libopencm3_stm32f1.a(gpio_common_all.o)
 .group         0x0000000000000000        0xc /home/rafael/curso_alura_cpp/UFC/RTOS/Pratica_0/stm32f103c8t6/libopencm3/lib/libopencm3_stm32f1.a(gpio_common_all.o)
 .group         0x0000000000000000        0xc /home/rafael/curso_alura_cpp/UFC/RTOS/Pratica_0/stm32f103c8t6/libopencm3/lib/libopencm3_stm32f1.a(gpio_common_all.o)
 .group         0x0000000000000000        0xc /home/rafael/curso_alura_cpp/UFC/RTOS/Pratica_0/stm32f103c8t6/libopencm3/lib/libopencm3_stm32f1.a(gpio_common_all.o)
 .text          0x0000000000000000        0x0 /home/rafael/curso_alura_cpp/UFC/RTOS/Pratica_0/stm32f103c8t6/libopencm3/lib/libopencm3_stm32f1.a(gpio_common_all.o)
 .data          0x0000000000000000        0x0 /home/rafael/curso_alura_cpp/UFC/RTOS/Pratica_0/stm32f103c8t6/libopencm3/lib/libopencm3_stm32f1.a(gpio_common_all.o)
 .bss           0x0000000000000000        0x0 /home/rafael/curso_alura_cpp/UFC/RTOS/Pratica_0/stm32f103c8t6/libopencm3/lib/libopencm3_stm32f1.a(gpio_common_all.o)
 .text.gpio_set
                0x0000000000000000        0x4 /home/rafael/curso_alura_cpp/UFC/RTOS/Pratica_0/stm32f103c8t6/libopencm3/lib/libopencm3_stm32f1.a(gpio_common_all.o)
 .text.gpio_clear
                0x0000000000000000        0x6 /home/rafael/curso_alura_cpp/UFC/RTOS/Pratica_0/stm32f103c8t6/libopencm3/lib/libopencm3_stm32f1.a(gpio_common_all.o)
 .text.gpio_get
                0x0000000000000000        0x6 /home/rafael/curso_alura_cpp/UFC/RTOS/Pratica_0/stm32f103c8t6/libopencm3/lib/libopencm3_stm32f1.a(gpio_common_all.o)
 .text.gpio_port_read
                0x0000000000000000        0x6 /home/rafael/curso_alura_cpp/UFC/RTOS/Pratica_0/stm32f103c8t6/libopencm3/lib/libopencm3_stm32f1.a(gpio_common_all.o)
 .text.gpio_port_write
                0x0000000000000000        0x4 /home/rafael/curso_alura_cpp/UFC/RTOS/Pratica_0/stm32f103c8t6/libopencm3/lib/libopencm3_stm32f1.a(gpio_common_all.o)
 .text.gpio_port_config_lock
                0x0000000000000000       0x10 /home/rafael/curso_alura_cpp/UFC/RTOS/Pratica_0/stm32f103c8t6/libopencm3/lib/libopencm3_stm32f1.a(gpio_common_all.o)
 .debug_macro   0x0000000000000000      0xa90 /home/rafael/curso_alura_cpp/UFC/RTOS/Pratica_0/stm32f103c8t6/libopencm3/lib/libopencm3_stm32f1.a(gpio_common_all.o)
 .debug_macro   0x0000000000000000      0x34e /home/rafael/curso_alura_cpp/UFC/RTOS/Pratica_0/stm32f103c8t6/libopencm3/lib/libopencm3_stm32f1.a(gpio_common_all.o)
 .debug_macro   0x0000000000000000       0x22 /home/rafael/curso_alura_cpp/UFC/RTOS/Pratica_0/stm32f103c8t6/libopencm3/lib/libopencm3_stm32f1.a(gpio_common_all.o)
 .debug_macro   0x0000000000000000       0xfa /home/rafael/curso_alura_cpp/UFC/RTOS/Pratica_0/stm32f103c8t6/libopencm3/lib/libopencm3_stm32f1.a(gpio_common_all.o)
 .debug_macro   0x0000000000000000       0x58 /home/rafael/curso_alura_cpp/UFC/RTOS/Pratica_0/stm32f103c8t6/libopencm3/lib/libopencm3_stm32f1.a(gpio_common_all.o)
 .debug_macro   0x0000000000000000      0x1b4 /home/rafael/curso_alura_cpp/UFC/RTOS/Pratica_0/stm32f103c8t6/libopencm3/lib/libopencm3_stm32f1.a(gpio_common_all.o)
 .debug_macro   0x0000000000000000       0x76 /home/rafael/curso_alura_cpp/UFC/RTOS/Pratica_0/stm32f103c8t6/libopencm3/lib/libopencm3_stm32f1.a(gpio_common_all.o)
 .debug_macro   0x0000000000000000      0xdfd /home/rafael/curso_alura_cpp/UFC/RTOS/Pratica_0/stm32f103c8t6/libopencm3/lib/libopencm3_stm32f1.a(gpio_common_all.o)
 .group         0x0000000000000000        0xc /home/rafael/curso_alura_cpp/UFC/RTOS/Pratica_0/stm32f103c8t6/libopencm3/lib/libopencm3_stm32f1.a(usart_common_all.o)
 .group         0x0000000000000000        0xc /home/rafael/curso_alura_cpp/UFC/RTOS/Pratica_0/stm32f103c8t6/libopencm3/lib/libopencm3_stm32f1.a(usart_common_all.o)
 .group         0x0000000000000000        0xc /home/rafael/curso_alura_cpp/UFC/RTOS/Pratica_0/stm32f103c8t6/libopencm3/lib/libopencm3_stm32f1.a(usart_common_all.o)
 .group         0x0000000000000000        0xc /home/rafael/curso_alura_cpp/UFC/RTOS/Pratica_0/stm32f103c8t6/libopencm3/lib/libopencm3_stm32f1.a(usart_common_all.o)
 .group         0x0000000000000000        0xc /home/rafael/curso_alura_cpp/UFC/RTOS/Pratica_0/stm32f103c8t6/libopencm3/lib/libopencm3_stm32f1.a(usart_common_all.o)
 .group         0x0000000000000000        0xc /home/rafael/curso_alura_cpp/UFC/RTOS/Pratica_0/stm32f103c8t6/libopencm3/lib/libopencm3_stm32f1.a(usart_common_all.o)
 .group         0x0000000000000000        0xc /home/rafael/curso_alura_cpp/UFC/RTOS/Pratica_0/stm32f103c8t6/libopencm3/lib/libopencm3_stm32f1.a(usart_common_all.o)
 .group         0x0000000000000000        0xc /home/rafael/curso_alura_cpp/UFC/RTOS/Pratica_0/stm32f103c8t6/libopencm3/lib/libopencm3_stm32f1.a(usart_common_all.o)
 .group         0x0000000000000000        0xc /home/rafael/curso_alura_cpp/UFC/RTOS/Pratica_0/stm32f103c8t6/libopencm3/lib/libopencm3_stm32f1.a(usart_common_all.o)
 .text          0x0000000000000000        0x0 /home/rafael/curso_alura_cpp/UFC/RTOS/Pratica_0/stm32f103c8t6/libopencm3/lib/libopencm3_stm32f1.a(usart_common_all.o)
 .data          0x0000000000000000        0x0 /home/rafael/curso_alura_cpp/UFC/RTOS/Pratica_0/stm32f103c8t6/libopencm3/lib/libopencm3_stm32f1.a(usart_common_all.o)
 .bss           0x0000000000000000        0x0 /home/rafael/curso_alura_cpp/UFC/RTOS/Pratica_0/stm32f103c8t6/libopencm3/lib/libopencm3_stm32f1.a(usart_common_all.o)
 .text.usart_disable
                0x0000000000000000        0xa /home/rafael/curso_alura_cpp/UFC/RTOS/Pratica_0/stm32f103c8t6/libopencm3/lib/libopencm3_stm32f1.a(usart_common_all.o)
 .text.usart_recv_blocking
                0x0000000000000000       0x12 /home/rafael/curso_alura_cpp/UFC/RTOS/Pratica_0/stm32f103c8t6/libopencm3/lib/libopencm3_stm32f1.a(usart_common_all.o)
 .text.usart_enable_rx_dma
                0x0000000000000000        0xa /home/rafael/curso_alura_cpp/UFC/RTOS/Pratica_0/stm32f103c8t6/libopencm3/lib/libopencm3_stm32f1.a(usart_common_all.o)
 .text.usart_disable_rx_dma
                0x0000000000000000        0xa /home/rafael/curso_alura_cpp/UFC/RTOS/Pratica_0/stm32f103c8t6/libopencm3/lib/libopencm3_stm32f1.a(usart_common_all.o)
 .text.usart_enable_tx_dma
                0x0000000000000000        0xa /home/rafael/curso_alura_cpp/UFC/RTOS/Pratica_0/stm32f103c8t6/libopencm3/lib/libopencm3_stm32f1.a(usart_common_all.o)
 .text.usart_disable_tx_dma
                0x0000000000000000        0xa /home/rafael/curso_alura_cpp/UFC/RTOS/Pratica_0/stm32f103c8t6/libopencm3/lib/libopencm3_stm32f1.a(usart_common_all.o)
 .text.usart_enable_rx_interrupt
                0x0000000000000000        0xa /home/rafael/curso_alura_cpp/UFC/RTOS/Pratica_0/stm32f103c8t6/libopencm3/lib/libopencm3_stm32f1.a(usart_common_all.o)
 .text.usart_disable_rx_interrupt
                0x0000000000000000        0xa /home/rafael/curso_alura_cpp/UFC/RTOS/Pratica_0/stm32f103c8t6/libopencm3/lib/libopencm3_stm32f1.a(usart_common_all.o)
 .text.usart_enable_tx_interrupt
                0x0000000000000000        0xa /home/rafael/curso_alura_cpp/UFC/RTOS/Pratica_0/stm32f103c8t6/libopencm3/lib/libopencm3_stm32f1.a(usart_common_all.o)
 .text.usart_disable_tx_interrupt
                0x0000000000000000        0xa /home/rafael/curso_alura_cpp/UFC/RTOS/Pratica_0/stm32f103c8t6/libopencm3/lib/libopencm3_stm32f1.a(usart_common_all.o)
 .text.usart_enable_error_interrupt
                0x0000000000000000        0xa /home/rafael/curso_alura_cpp/UFC/RTOS/Pratica_0/stm32f103c8t6/libopencm3/lib/libopencm3_stm32f1.a(usart_common_all.o)
 .text.usart_disable_error_interrupt
                0x0000000000000000        0xa /home/rafael/curso_alura_cpp/UFC/RTOS/Pratica_0/stm32f103c8t6/libopencm3/lib/libopencm3_stm32f1.a(usart_common_all.o)
 .debug_macro   0x0000000000000000      0xa90 /home/rafael/curso_alura_cpp/UFC/RTOS/Pratica_0/stm32f103c8t6/libopencm3/lib/libopencm3_stm32f1.a(usart_common_all.o)
 .debug_macro   0x0000000000000000      0x34e /home/rafael/curso_alura_cpp/UFC/RTOS/Pratica_0/stm32f103c8t6/libopencm3/lib/libopencm3_stm32f1.a(usart_common_all.o)
 .debug_macro   0x0000000000000000       0x22 /home/rafael/curso_alura_cpp/UFC/RTOS/Pratica_0/stm32f103c8t6/libopencm3/lib/libopencm3_stm32f1.a(usart_common_all.o)
 .debug_macro   0x0000000000000000       0xfa /home/rafael/curso_alura_cpp/UFC/RTOS/Pratica_0/stm32f103c8t6/libopencm3/lib/libopencm3_stm32f1.a(usart_common_all.o)
 .debug_macro   0x0000000000000000       0x58 /home/rafael/curso_alura_cpp/UFC/RTOS/Pratica_0/stm32f103c8t6/libopencm3/lib/libopencm3_stm32f1.a(usart_common_all.o)
 .debug_macro   0x0000000000000000      0x1b4 /home/rafael/curso_alura_cpp/UFC/RTOS/Pratica_0/stm32f103c8t6/libopencm3/lib/libopencm3_stm32f1.a(usart_common_all.o)
 .debug_macro   0x0000000000000000      0x82c /home/rafael/curso_alura_cpp/UFC/RTOS/Pratica_0/stm32f103c8t6/libopencm3/lib/libopencm3_stm32f1.a(usart_common_all.o)
 .group         0x0000000000000000        0xc /home/rafael/curso_alura_cpp/UFC/RTOS/Pratica_0/stm32f103c8t6/libopencm3/lib/libopencm3_stm32f1.a(usart_common_f124.o)
 .group         0x0000000000000000        0xc /home/rafael/curso_alura_cpp/UFC/RTOS/Pratica_0/stm32f103c8t6/libopencm3/lib/libopencm3_stm32f1.a(usart_common_f124.o)
 .group         0x0000000000000000        0xc /home/rafael/curso_alura_cpp/UFC/RTOS/Pratica_0/stm32f103c8t6/libopencm3/lib/libopencm3_stm32f1.a(usart_common_f124.o)
 .group         0x0000000000000000        0xc /home/rafael/curso_alura_cpp/UFC/RTOS/Pratica_0/stm32f103c8t6/libopencm3/lib/libopencm3_stm32f1.a(usart_common_f124.o)
 .group         0x0000000000000000        0xc /home/rafael/curso_alura_cpp/UFC/RTOS/Pratica_0/stm32f103c8t6/libopencm3/lib/libopencm3_stm32f1.a(usart_common_f124.o)
 .group         0x0000000000000000        0xc /home/rafael/curso_alura_cpp/UFC/RTOS/Pratica_0/stm32f103c8t6/libopencm3/lib/libopencm3_stm32f1.a(usart_common_f124.o)
 .group         0x0000000000000000        0xc /home/rafael/curso_alura_cpp/UFC/RTOS/Pratica_0/stm32f103c8t6/libopencm3/lib/libopencm3_stm32f1.a(usart_common_f124.o)
 .group         0x0000000000000000        0xc /home/rafael/curso_alura_cpp/UFC/RTOS/Pratica_0/stm32f103c8t6/libopencm3/lib/libopencm3_stm32f1.a(usart_common_f124.o)
 .group         0x0000000000000000        0xc /home/rafael/curso_alura_cpp/UFC/RTOS/Pratica_0/stm32f103c8t6/libopencm3/lib/libopencm3_stm32f1.a(usart_common_f124.o)
 .text          0x0000000000000000        0x0 /home/rafael/curso_alura_cpp/UFC/RTOS/Pratica_0/stm32f103c8t6/libopencm3/lib/libopencm3_stm32f1.a(usart_common_f124.o)
 .data          0x0000000000000000        0x0 /home/rafael/curso_alura_cpp/UFC/RTOS/Pratica_0/stm32f103c8t6/libopencm3/lib/libopencm3_stm32f1.a(usart_common_f124.o)
 .bss           0x0000000000000000        0x0 /home/rafael/curso_alura_cpp/UFC/RTOS/Pratica_0/stm32f103c8t6/libopencm3/lib/libopencm3_stm32f1.a(usart_common_f124.o)
 .text.usart_recv
                0x0000000000000000        0x8 /home/rafael/curso_alura_cpp/UFC/RTOS/Pratica_0/stm32f103c8t6/libopencm3/lib/libopencm3_stm32f1.a(usart_common_f124.o)
 .text.usart_wait_recv_ready
                0x0000000000000000        0x8 /home/rafael/curso_alura_cpp/UFC/RTOS/Pratica_0/stm32f103c8t6/libopencm3/lib/libopencm3_stm32f1.a(usart_common_f124.o)
 .text.usart_get_flag
                0x0000000000000000        0xc /home/rafael/curso_alura_cpp/UFC/RTOS/Pratica_0/stm32f103c8t6/libopencm3/lib/libopencm3_stm32f1.a(usart_common_f124.o)
 .debug_macro   0x0000000000000000      0xa90 /home/rafael/curso_alura_cpp/UFC/RTOS/Pratica_0/stm32f103c8t6/libopencm3/lib/libopencm3_stm32f1.a(usart_common_f124.o)
 .debug_macro   0x0000000000000000      0x34e /home/rafael/curso_alura_cpp/UFC/RTOS/Pratica_0/stm32f103c8t6/libopencm3/lib/libopencm3_stm32f1.a(usart_common_f124.o)
 .debug_macro   0x0000000000000000       0x22 /home/rafael/curso_alura_cpp/UFC/RTOS/Pratica_0/stm32f103c8t6/libopencm3/lib/libopencm3_stm32f1.a(usart_common_f124.o)
 .debug_macro   0x0000000000000000       0xfa /home/rafael/curso_alura_cpp/UFC/RTOS/Pratica_0/stm32f103c8t6/libopencm3/lib/libopencm3_stm32f1.a(usart_common_f124.o)
 .debug_macro   0x0000000000000000       0x58 /home/rafael/curso_alura_cpp/UFC/RTOS/Pratica_0/stm32f103c8t6/libopencm3/lib/libopencm3_stm32f1.a(usart_common_f124.o)
 .debug_macro   0x0000000000000000      0x1b4 /home/rafael/curso_alura_cpp/UFC/RTOS/Pratica_0/stm32f103c8t6/libopencm3/lib/libopencm3_stm32f1.a(usart_common_f124.o)
 .debug_macro   0x0000000000000000       0x94 /home/rafael/curso_alura_cpp/UFC/RTOS/Pratica_0/stm32f103c8t6/libopencm3/lib/libopencm3_stm32f1.a(usart_common_f124.o)
 .debug_macro   0x0000000000000000      0x29e /home/rafael/curso_alura_cpp/UFC/RTOS/Pratica_0/stm32f103c8t6/libopencm3/lib/libopencm3_stm32f1.a(usart_common_f124.o)
 .debug_macro   0x0000000000000000      0x82c /home/rafael/curso_alura_cpp/UFC/RTOS/Pratica_0/stm32f103c8t6/libopencm3/lib/libopencm3_stm32f1.a(usart_common_f124.o)
 .group         0x0000000000000000        0xc /home/rafael/curso_alura_cpp/UFC/RTOS/Pratica_0/stm32f103c8t6/libopencm3/lib/libopencm3_stm32f1.a(rcc_common_all.o)
 .group         0x0000000000000000        0xc /home/rafael/curso_alura_cpp/UFC/RTOS/Pratica_0/stm32f103c8t6/libopencm3/lib/libopencm3_stm32f1.a(rcc_common_all.o)
 .group         0x0000000000000000        0xc /home/rafael/curso_alura_cpp/UFC/RTOS/Pratica_0/stm32f103c8t6/libopencm3/lib/libopencm3_stm32f1.a(rcc_common_all.o)
 .group         0x0000000000000000        0xc /home/rafael/curso_alura_cpp/UFC/RTOS/Pratica_0/stm32f103c8t6/libopencm3/lib/libopencm3_stm32f1.a(rcc_common_all.o)
 .group         0x0000000000000000        0xc /home/rafael/curso_alura_cpp/UFC/RTOS/Pratica_0/stm32f103c8t6/libopencm3/lib/libopencm3_stm32f1.a(rcc_common_all.o)
 .group         0x0000000000000000        0xc /home/rafael/curso_alura_cpp/UFC/RTOS/Pratica_0/stm32f103c8t6/libopencm3/lib/libopencm3_stm32f1.a(rcc_common_all.o)
 .group         0x0000000000000000        0xc /home/rafael/curso_alura_cpp/UFC/RTOS/Pratica_0/stm32f103c8t6/libopencm3/lib/libopencm3_stm32f1.a(rcc_common_all.o)
 .text          0x0000000000000000        0x0 /home/rafael/curso_alura_cpp/UFC/RTOS/Pratica_0/stm32f103c8t6/libopencm3/lib/libopencm3_stm32f1.a(rcc_common_all.o)
 .data          0x0000000000000000        0x0 /home/rafael/curso_alura_cpp/UFC/RTOS/Pratica_0/stm32f103c8t6/libopencm3/lib/libopencm3_stm32f1.a(rcc_common_all.o)
 .bss           0x0000000000000000        0x0 /home/rafael/curso_alura_cpp/UFC/RTOS/Pratica_0/stm32f103c8t6/libopencm3/lib/libopencm3_stm32f1.a(rcc_common_all.o)
 .text.rcc_peripheral_enable_clock
                0x0000000000000000        0x8 /home/rafael/curso_alura_cpp/UFC/RTOS/Pratica_0/stm32f103c8t6/libopencm3/lib/libopencm3_stm32f1.a(rcc_common_all.o)
 .text.rcc_peripheral_disable_clock
                0x0000000000000000        0xa /home/rafael/curso_alura_cpp/UFC/RTOS/Pratica_0/stm32f103c8t6/libopencm3/lib/libopencm3_stm32f1.a(rcc_common_all.o)
 .text.rcc_peripheral_reset
                0x0000000000000000        0x8 /home/rafael/curso_alura_cpp/UFC/RTOS/Pratica_0/stm32f103c8t6/libopencm3/lib/libopencm3_stm32f1.a(rcc_common_all.o)
 .text.rcc_peripheral_clear_reset
                0x0000000000000000        0xa /home/rafael/curso_alura_cpp/UFC/RTOS/Pratica_0/stm32f103c8t6/libopencm3/lib/libopencm3_stm32f1.a(rcc_common_all.o)
 .text.rcc_periph_clock_disable
                0x0000000000000000       0x1e /home/rafael/curso_alura_cpp/UFC/RTOS/Pratica_0/stm32f103c8t6/libopencm3/lib/libopencm3_stm32f1.a(rcc_common_all.o)
 .text.rcc_periph_reset_pulse
                0x0000000000000000       0x24 /home/rafael/curso_alura_cpp/UFC/RTOS/Pratica_0/stm32f103c8t6/libopencm3/lib/libopencm3_stm32f1.a(rcc_common_all.o)
 .text.rcc_periph_reset_hold
                0x0000000000000000        0x4 /home/rafael/curso_alura_cpp/UFC/RTOS/Pratica_0/stm32f103c8t6/libopencm3/lib/libopencm3_stm32f1.a(rcc_common_all.o)
 .text.rcc_periph_reset_release
                0x0000000000000000        0x4 /home/rafael/curso_alura_cpp/UFC/RTOS/Pratica_0/stm32f103c8t6/libopencm3/lib/libopencm3_stm32f1.a(rcc_common_all.o)
 .text.rcc_set_mco
                0x0000000000000000       0x14 /home/rafael/curso_alura_cpp/UFC/RTOS/Pratica_0/stm32f103c8t6/libopencm3/lib/libopencm3_stm32f1.a(rcc_common_all.o)
 .text.rcc_osc_bypass_enable
                0x0000000000000000       0x28 /home/rafael/curso_alura_cpp/UFC/RTOS/Pratica_0/stm32f103c8t6/libopencm3/lib/libopencm3_stm32f1.a(rcc_common_all.o)
 .text.rcc_osc_bypass_disable
                0x0000000000000000       0x28 /home/rafael/curso_alura_cpp/UFC/RTOS/Pratica_0/stm32f103c8t6/libopencm3/lib/libopencm3_stm32f1.a(rcc_common_all.o)
 .debug_macro   0x0000000000000000      0xa90 /home/rafael/curso_alura_cpp/UFC/RTOS/Pratica_0/stm32f103c8t6/libopencm3/lib/libopencm3_stm32f1.a(rcc_common_all.o)
 .debug_macro   0x0000000000000000      0x34e /home/rafael/curso_alura_cpp/UFC/RTOS/Pratica_0/stm32f103c8t6/libopencm3/lib/libopencm3_stm32f1.a(rcc_common_all.o)
 .debug_macro   0x0000000000000000       0x22 /home/rafael/curso_alura_cpp/UFC/RTOS/Pratica_0/stm32f103c8t6/libopencm3/lib/libopencm3_stm32f1.a(rcc_common_all.o)
 .debug_macro   0x0000000000000000       0xfa /home/rafael/curso_alura_cpp/UFC/RTOS/Pratica_0/stm32f103c8t6/libopencm3/lib/libopencm3_stm32f1.a(rcc_common_all.o)
 .debug_macro   0x0000000000000000       0x58 /home/rafael/curso_alura_cpp/UFC/RTOS/Pratica_0/stm32f103c8t6/libopencm3/lib/libopencm3_stm32f1.a(rcc_common_all.o)
 .debug_macro   0x0000000000000000      0x1b4 /home/rafael/curso_alura_cpp/UFC/RTOS/Pratica_0/stm32f103c8t6/libopencm3/lib/libopencm3_stm32f1.a(rcc_common_all.o)
 .debug_macro   0x0000000000000000      0x82c /home/rafael/curso_alura_cpp/UFC/RTOS/Pratica_0/stm32f103c8t6/libopencm3/lib/libopencm3_stm32f1.a(rcc_common_all.o)
 .group         0x0000000000000000        0xc /home/rafael/curso_alura_cpp/UFC/RTOS/Pratica_0/stm32f103c8t6/libopencm3/lib/libopencm3_stm32f1.a(flash_common_f01.o)
 .group         0x0000000000000000        0xc /home/rafael/curso_alura_cpp/UFC/RTOS/Pratica_0/stm32f103c8t6/libopencm3/lib/libopencm3_stm32f1.a(flash_common_f01.o)
 .group         0x0000000000000000        0xc /home/rafael/curso_alura_cpp/UFC/RTOS/Pratica_0/stm32f103c8t6/libopencm3/lib/libopencm3_stm32f1.a(flash_common_f01.o)
 .group         0x0000000000000000        0xc /home/rafael/curso_alura_cpp/UFC/RTOS/Pratica_0/stm32f103c8t6/libopencm3/lib/libopencm3_stm32f1.a(flash_common_f01.o)
 .group         0x0000000000000000        0xc /home/rafael/curso_alura_cpp/UFC/RTOS/Pratica_0/stm32f103c8t6/libopencm3/lib/libopencm3_stm32f1.a(flash_common_f01.o)
 .group         0x0000000000000000        0xc /home/rafael/curso_alura_cpp/UFC/RTOS/Pratica_0/stm32f103c8t6/libopencm3/lib/libopencm3_stm32f1.a(flash_common_f01.o)
 .group         0x0000000000000000        0xc /home/rafael/curso_alura_cpp/UFC/RTOS/Pratica_0/stm32f103c8t6/libopencm3/lib/libopencm3_stm32f1.a(flash_common_f01.o)
 .group         0x0000000000000000        0xc /home/rafael/curso_alura_cpp/UFC/RTOS/Pratica_0/stm32f103c8t6/libopencm3/lib/libopencm3_stm32f1.a(flash_common_f01.o)
 .text          0x0000000000000000        0x0 /home/rafael/curso_alura_cpp/UFC/RTOS/Pratica_0/stm32f103c8t6/libopencm3/lib/libopencm3_stm32f1.a(flash_common_f01.o)
 .data          0x0000000000000000        0x0 /home/rafael/curso_alura_cpp/UFC/RTOS/Pratica_0/stm32f103c8t6/libopencm3/lib/libopencm3_stm32f1.a(flash_common_f01.o)
 .bss           0x0000000000000000        0x0 /home/rafael/curso_alura_cpp/UFC/RTOS/Pratica_0/stm32f103c8t6/libopencm3/lib/libopencm3_stm32f1.a(flash_common_f01.o)
 .text.flash_prefetch_buffer_enable
                0x0000000000000000       0x10 /home/rafael/curso_alura_cpp/UFC/RTOS/Pratica_0/stm32f103c8t6/libopencm3/lib/libopencm3_stm32f1.a(flash_common_f01.o)
 .text.flash_prefetch_buffer_disable
                0x0000000000000000       0x10 /home/rafael/curso_alura_cpp/UFC/RTOS/Pratica_0/stm32f103c8t6/libopencm3/lib/libopencm3_stm32f1.a(flash_common_f01.o)
 .text.flash_unlock
                0x0000000000000000       0x24 /home/rafael/curso_alura_cpp/UFC/RTOS/Pratica_0/stm32f103c8t6/libopencm3/lib/libopencm3_stm32f1.a(flash_common_f01.o)
 .text.flash_lock
                0x0000000000000000       0x10 /home/rafael/curso_alura_cpp/UFC/RTOS/Pratica_0/stm32f103c8t6/libopencm3/lib/libopencm3_stm32f1.a(flash_common_f01.o)
 .text.flash_clear_pgerr_flag
                0x0000000000000000       0x10 /home/rafael/curso_alura_cpp/UFC/RTOS/Pratica_0/stm32f103c8t6/libopencm3/lib/libopencm3_stm32f1.a(flash_common_f01.o)
 .text.flash_clear_eop_flag
                0x0000000000000000       0x10 /home/rafael/curso_alura_cpp/UFC/RTOS/Pratica_0/stm32f103c8t6/libopencm3/lib/libopencm3_stm32f1.a(flash_common_f01.o)
 .text.flash_clear_wrprterr_flag
                0x0000000000000000       0x10 /home/rafael/curso_alura_cpp/UFC/RTOS/Pratica_0/stm32f103c8t6/libopencm3/lib/libopencm3_stm32f1.a(flash_common_f01.o)
 .text.flash_clear_bsy_flag
                0x0000000000000000       0x10 /home/rafael/curso_alura_cpp/UFC/RTOS/Pratica_0/stm32f103c8t6/libopencm3/lib/libopencm3_stm32f1.a(flash_common_f01.o)
 .text.flash_wait_for_last_operation
                0x0000000000000000        0xc /home/rafael/curso_alura_cpp/UFC/RTOS/Pratica_0/stm32f103c8t6/libopencm3/lib/libopencm3_stm32f1.a(flash_common_f01.o)
 .text.flash_program_word
                0x0000000000000000       0x18 /home/rafael/curso_alura_cpp/UFC/RTOS/Pratica_0/stm32f103c8t6/libopencm3/lib/libopencm3_stm32f1.a(flash_common_f01.o)
 .text.flash_unlock_option_bytes
                0x0000000000000000       0x18 /home/rafael/curso_alura_cpp/UFC/RTOS/Pratica_0/stm32f103c8t6/libopencm3/lib/libopencm3_stm32f1.a(flash_common_f01.o)
 .text.flash_erase_option_bytes
                0x0000000000000000       0x34 /home/rafael/curso_alura_cpp/UFC/RTOS/Pratica_0/stm32f103c8t6/libopencm3/lib/libopencm3_stm32f1.a(flash_common_f01.o)
 .text.flash_program_option_bytes
                0x0000000000000000       0x34 /home/rafael/curso_alura_cpp/UFC/RTOS/Pratica_0/stm32f103c8t6/libopencm3/lib/libopencm3_stm32f1.a(flash_common_f01.o)
 .debug_macro   0x0000000000000000      0xa90 /home/rafael/curso_alura_cpp/UFC/RTOS/Pratica_0/stm32f103c8t6/libopencm3/lib/libopencm3_stm32f1.a(flash_common_f01.o)
 .debug_macro   0x0000000000000000      0x34e /home/rafael/curso_alura_cpp/UFC/RTOS/Pratica_0/stm32f103c8t6/libopencm3/lib/libopencm3_stm32f1.a(flash_common_f01.o)
 .debug_macro   0x0000000000000000       0x22 /home/rafael/curso_alura_cpp/UFC/RTOS/Pratica_0/stm32f103c8t6/libopencm3/lib/libopencm3_stm32f1.a(flash_common_f01.o)
 .debug_macro   0x0000000000000000       0xfa /home/rafael/curso_alura_cpp/UFC/RTOS/Pratica_0/stm32f103c8t6/libopencm3/lib/libopencm3_stm32f1.a(flash_common_f01.o)
 .debug_macro   0x0000000000000000       0x58 /home/rafael/curso_alura_cpp/UFC/RTOS/Pratica_0/stm32f103c8t6/libopencm3/lib/libopencm3_stm32f1.a(flash_common_f01.o)
 .debug_macro   0x0000000000000000      0x1b4 /home/rafael/curso_alura_cpp/UFC/RTOS/Pratica_0/stm32f103c8t6/libopencm3/lib/libopencm3_stm32f1.a(flash_common_f01.o)
 .debug_macro   0x0000000000000000       0xdc /home/rafael/curso_alura_cpp/UFC/RTOS/Pratica_0/stm32f103c8t6/libopencm3/lib/libopencm3_stm32f1.a(flash_common_f01.o)
 .debug_macro   0x0000000000000000       0x82 /home/rafael/curso_alura_cpp/UFC/RTOS/Pratica_0/stm32f103c8t6/libopencm3/lib/libopencm3_stm32f1.a(flash_common_f01.o)
 .group         0x0000000000000000        0xc /home/rafael/curso_alura_cpp/UFC/RTOS/Pratica_0/stm32f103c8t6/libopencm3/lib/libopencm3_stm32f1.a(vector.o)
 .group         0x0000000000000000        0xc /home/rafael/curso_alura_cpp/UFC/RTOS/Pratica_0/stm32f103c8t6/libopencm3/lib/libopencm3_stm32f1.a(vector.o)
 .group         0x0000000000000000        0xc /home/rafael/curso_alura_cpp/UFC/RTOS/Pratica_0/stm32f103c8t6/libopencm3/lib/libopencm3_stm32f1.a(vector.o)
 .group         0x0000000000000000        0xc /home/rafael/curso_alura_cpp/UFC/RTOS/Pratica_0/stm32f103c8t6/libopencm3/lib/libopencm3_stm32f1.a(vector.o)
 .group         0x0000000000000000        0xc /home/rafael/curso_alura_cpp/UFC/RTOS/Pratica_0/stm32f103c8t6/libopencm3/lib/libopencm3_stm32f1.a(vector.o)
 .group         0x0000000000000000        0xc /home/rafael/curso_alura_cpp/UFC/RTOS/Pratica_0/stm32f103c8t6/libopencm3/lib/libopencm3_stm32f1.a(vector.o)
 .group         0x0000000000000000        0xc /home/rafael/curso_alura_cpp/UFC/RTOS/Pratica_0/stm32f103c8t6/libopencm3/lib/libopencm3_stm32f1.a(vector.o)
 .group         0x0000000000000000        0xc /home/rafael/curso_alura_cpp/UFC/RTOS/Pratica_0/stm32f103c8t6/libopencm3/lib/libopencm3_stm32f1.a(vector.o)
 .text          0x0000000000000000        0x0 /home/rafael/curso_alura_cpp/UFC/RTOS/Pratica_0/stm32f103c8t6/libopencm3/lib/libopencm3_stm32f1.a(vector.o)
 .data          0x0000000000000000        0x0 /home/rafael/curso_alura_cpp/UFC/RTOS/Pratica_0/stm32f103c8t6/libopencm3/lib/libopencm3_stm32f1.a(vector.o)
 .bss           0x0000000000000000        0x0 /home/rafael/curso_alura_cpp/UFC/RTOS/Pratica_0/stm32f103c8t6/libopencm3/lib/libopencm3_stm32f1.a(vector.o)
 .debug_macro   0x0000000000000000      0xa90 /home/rafael/curso_alura_cpp/UFC/RTOS/Pratica_0/stm32f103c8t6/libopencm3/lib/libopencm3_stm32f1.a(vector.o)
 .debug_macro   0x0000000000000000       0x58 /home/rafael/curso_alura_cpp/UFC/RTOS/Pratica_0/stm32f103c8t6/libopencm3/lib/libopencm3_stm32f1.a(vector.o)
 .debug_macro   0x0000000000000000      0x34e /home/rafael/curso_alura_cpp/UFC/RTOS/Pratica_0/stm32f103c8t6/libopencm3/lib/libopencm3_stm32f1.a(vector.o)
 .debug_macro   0x0000000000000000       0x22 /home/rafael/curso_alura_cpp/UFC/RTOS/Pratica_0/stm32f103c8t6/libopencm3/lib/libopencm3_stm32f1.a(vector.o)
 .debug_macro   0x0000000000000000       0xfa /home/rafael/curso_alura_cpp/UFC/RTOS/Pratica_0/stm32f103c8t6/libopencm3/lib/libopencm3_stm32f1.a(vector.o)
 .group         0x0000000000000000        0xc /home/rafael/curso_alura_cpp/UFC/RTOS/Pratica_0/stm32f103c8t6/libopencm3/lib/libopencm3_stm32f1.a(assert.o)
 .group         0x0000000000000000        0xc /home/rafael/curso_alura_cpp/UFC/RTOS/Pratica_0/stm32f103c8t6/libopencm3/lib/libopencm3_stm32f1.a(assert.o)
 .group         0x0000000000000000        0xc /home/rafael/curso_alura_cpp/UFC/RTOS/Pratica_0/stm32f103c8t6/libopencm3/lib/libopencm3_stm32f1.a(assert.o)
 .group         0x0000000000000000        0xc /home/rafael/curso_alura_cpp/UFC/RTOS/Pratica_0/stm32f103c8t6/libopencm3/lib/libopencm3_stm32f1.a(assert.o)
 .group         0x0000000000000000        0xc /home/rafael/curso_alura_cpp/UFC/RTOS/Pratica_0/stm32f103c8t6/libopencm3/lib/libopencm3_stm32f1.a(assert.o)
 .text          0x0000000000000000        0x0 /home/rafael/curso_alura_cpp/UFC/RTOS/Pratica_0/stm32f103c8t6/libopencm3/lib/libopencm3_stm32f1.a(assert.o)
 .data          0x0000000000000000        0x0 /home/rafael/curso_alura_cpp/UFC/RTOS/Pratica_0/stm32f103c8t6/libopencm3/lib/libopencm3_stm32f1.a(assert.o)
 .bss           0x0000000000000000        0x0 /home/rafael/curso_alura_cpp/UFC/RTOS/Pratica_0/stm32f103c8t6/libopencm3/lib/libopencm3_stm32f1.a(assert.o)
 .text.cm3_assert_failed
                0x0000000000000000        0x2 /home/rafael/curso_alura_cpp/UFC/RTOS/Pratica_0/stm32f103c8t6/libopencm3/lib/libopencm3_stm32f1.a(assert.o)
 .text.cm3_assert_failed_verbose
                0x0000000000000000        0x6 /home/rafael/curso_alura_cpp/UFC/RTOS/Pratica_0/stm32f103c8t6/libopencm3/lib/libopencm3_stm32f1.a(assert.o)
 .debug_info    0x0000000000000000      0x104 /home/rafael/curso_alura_cpp/UFC/RTOS/Pratica_0/stm32f103c8t6/libopencm3/lib/libopencm3_stm32f1.a(assert.o)
 .debug_abbrev  0x0000000000000000       0x98 /home/rafael/curso_alura_cpp/UFC/RTOS/Pratica_0/stm32f103c8t6/libopencm3/lib/libopencm3_stm32f1.a(assert.o)
 .debug_loc     0x0000000000000000       0x94 /home/rafael/curso_alura_cpp/UFC/RTOS/Pratica_0/stm32f103c8t6/libopencm3/lib/libopencm3_stm32f1.a(assert.o)
 .debug_aranges
                0x0000000000000000       0x28 /home/rafael/curso_alura_cpp/UFC/RTOS/Pratica_0/stm32f103c8t6/libopencm3/lib/libopencm3_stm32f1.a(assert.o)
 .debug_ranges  0x0000000000000000       0x18 /home/rafael/curso_alura_cpp/UFC/RTOS/Pratica_0/stm32f103c8t6/libopencm3/lib/libopencm3_stm32f1.a(assert.o)
 .debug_macro   0x0000000000000000       0x41 /home/rafael/curso_alura_cpp/UFC/RTOS/Pratica_0/stm32f103c8t6/libopencm3/lib/libopencm3_stm32f1.a(assert.o)
 .debug_macro   0x0000000000000000      0xa90 /home/rafael/curso_alura_cpp/UFC/RTOS/Pratica_0/stm32f103c8t6/libopencm3/lib/libopencm3_stm32f1.a(assert.o)
 .debug_macro   0x0000000000000000      0x34e /home/rafael/curso_alura_cpp/UFC/RTOS/Pratica_0/stm32f103c8t6/libopencm3/lib/libopencm3_stm32f1.a(assert.o)
 .debug_macro   0x0000000000000000       0x22 /home/rafael/curso_alura_cpp/UFC/RTOS/Pratica_0/stm32f103c8t6/libopencm3/lib/libopencm3_stm32f1.a(assert.o)
 .debug_macro   0x0000000000000000       0xfa /home/rafael/curso_alura_cpp/UFC/RTOS/Pratica_0/stm32f103c8t6/libopencm3/lib/libopencm3_stm32f1.a(assert.o)
 .debug_macro   0x0000000000000000       0x16 /home/rafael/curso_alura_cpp/UFC/RTOS/Pratica_0/stm32f103c8t6/libopencm3/lib/libopencm3_stm32f1.a(assert.o)
 .debug_line    0x0000000000000000       0xed /home/rafael/curso_alura_cpp/UFC/RTOS/Pratica_0/stm32f103c8t6/libopencm3/lib/libopencm3_stm32f1.a(assert.o)
 .debug_str     0x0000000000000000     0x3d39 /home/rafael/curso_alura_cpp/UFC/RTOS/Pratica_0/stm32f103c8t6/libopencm3/lib/libopencm3_stm32f1.a(assert.o)
 .comment       0x0000000000000000       0x5a /home/rafael/curso_alura_cpp/UFC/RTOS/Pratica_0/stm32f103c8t6/libopencm3/lib/libopencm3_stm32f1.a(assert.o)
 .debug_frame   0x0000000000000000       0x38 /home/rafael/curso_alura_cpp/UFC/RTOS/Pratica_0/stm32f103c8t6/libopencm3/lib/libopencm3_stm32f1.a(assert.o)
 .ARM.attributes
                0x0000000000000000       0x2d /home/rafael/curso_alura_cpp/UFC/RTOS/Pratica_0/stm32f103c8t6/libopencm3/lib/libopencm3_stm32f1.a(assert.o)
 .group         0x0000000000000000        0xc /home/rafael/curso_alura_cpp/UFC/RTOS/Pratica_0/stm32f103c8t6/libopencm3/lib/libopencm3_stm32f1.a(flash.o)
 .group         0x0000000000000000        0xc /home/rafael/curso_alura_cpp/UFC/RTOS/Pratica_0/stm32f103c8t6/libopencm3/lib/libopencm3_stm32f1.a(flash.o)
 .group         0x0000000000000000        0xc /home/rafael/curso_alura_cpp/UFC/RTOS/Pratica_0/stm32f103c8t6/libopencm3/lib/libopencm3_stm32f1.a(flash.o)
 .group         0x0000000000000000        0xc /home/rafael/curso_alura_cpp/UFC/RTOS/Pratica_0/stm32f103c8t6/libopencm3/lib/libopencm3_stm32f1.a(flash.o)
 .group         0x0000000000000000        0xc /home/rafael/curso_alura_cpp/UFC/RTOS/Pratica_0/stm32f103c8t6/libopencm3/lib/libopencm3_stm32f1.a(flash.o)
 .group         0x0000000000000000        0xc /home/rafael/curso_alura_cpp/UFC/RTOS/Pratica_0/stm32f103c8t6/libopencm3/lib/libopencm3_stm32f1.a(flash.o)
 .group         0x0000000000000000        0xc /home/rafael/curso_alura_cpp/UFC/RTOS/Pratica_0/stm32f103c8t6/libopencm3/lib/libopencm3_stm32f1.a(flash.o)
 .group         0x0000000000000000        0xc /home/rafael/curso_alura_cpp/UFC/RTOS/Pratica_0/stm32f103c8t6/libopencm3/lib/libopencm3_stm32f1.a(flash.o)
 .text          0x0000000000000000        0x0 /home/rafael/curso_alura_cpp/UFC/RTOS/Pratica_0/stm32f103c8t6/libopencm3/lib/libopencm3_stm32f1.a(flash.o)
 .data          0x0000000000000000        0x0 /home/rafael/curso_alura_cpp/UFC/RTOS/Pratica_0/stm32f103c8t6/libopencm3/lib/libopencm3_stm32f1.a(flash.o)
 .bss           0x0000000000000000        0x0 /home/rafael/curso_alura_cpp/UFC/RTOS/Pratica_0/stm32f103c8t6/libopencm3/lib/libopencm3_stm32f1.a(flash.o)
 .text.flash_halfcycle_enable
                0x0000000000000000       0x10 /home/rafael/curso_alura_cpp/UFC/RTOS/Pratica_0/stm32f103c8t6/libopencm3/lib/libopencm3_stm32f1.a(flash.o)
 .text.flash_halfcycle_disable
                0x0000000000000000       0x10 /home/rafael/curso_alura_cpp/UFC/RTOS/Pratica_0/stm32f103c8t6/libopencm3/lib/libopencm3_stm32f1.a(flash.o)
 .text.flash_unlock_upper
                0x0000000000000000       0x34 /home/rafael/curso_alura_cpp/UFC/RTOS/Pratica_0/stm32f103c8t6/libopencm3/lib/libopencm3_stm32f1.a(flash.o)
 .text.flash_lock_upper
                0x0000000000000000       0x10 /home/rafael/curso_alura_cpp/UFC/RTOS/Pratica_0/stm32f103c8t6/libopencm3/lib/libopencm3_stm32f1.a(flash.o)
 .text.flash_clear_pgerr_flag_upper
                0x0000000000000000       0x20 /home/rafael/curso_alura_cpp/UFC/RTOS/Pratica_0/stm32f103c8t6/libopencm3/lib/libopencm3_stm32f1.a(flash.o)
 .text.flash_clear_eop_flag_upper
                0x0000000000000000       0x20 /home/rafael/curso_alura_cpp/UFC/RTOS/Pratica_0/stm32f103c8t6/libopencm3/lib/libopencm3_stm32f1.a(flash.o)
 .text.flash_clear_wrprterr_flag_upper
                0x0000000000000000       0x20 /home/rafael/curso_alura_cpp/UFC/RTOS/Pratica_0/stm32f103c8t6/libopencm3/lib/libopencm3_stm32f1.a(flash.o)
 .text.flash_clear_bsy_flag_upper
                0x0000000000000000       0x20 /home/rafael/curso_alura_cpp/UFC/RTOS/Pratica_0/stm32f103c8t6/libopencm3/lib/libopencm3_stm32f1.a(flash.o)
 .text.flash_clear_status_flags
                0x0000000000000000       0x38 /home/rafael/curso_alura_cpp/UFC/RTOS/Pratica_0/stm32f103c8t6/libopencm3/lib/libopencm3_stm32f1.a(flash.o)
 .text.flash_get_status_flags
                0x0000000000000000       0x28 /home/rafael/curso_alura_cpp/UFC/RTOS/Pratica_0/stm32f103c8t6/libopencm3/lib/libopencm3_stm32f1.a(flash.o)
 .text.flash_program_half_word
                0x0000000000000000       0x64 /home/rafael/curso_alura_cpp/UFC/RTOS/Pratica_0/stm32f103c8t6/libopencm3/lib/libopencm3_stm32f1.a(flash.o)
 .text.flash_erase_page
                0x0000000000000000       0x7c /home/rafael/curso_alura_cpp/UFC/RTOS/Pratica_0/stm32f103c8t6/libopencm3/lib/libopencm3_stm32f1.a(flash.o)
 .text.flash_erase_all_pages
                0x0000000000000000       0x48 /home/rafael/curso_alura_cpp/UFC/RTOS/Pratica_0/stm32f103c8t6/libopencm3/lib/libopencm3_stm32f1.a(flash.o)
 .debug_info    0x0000000000000000      0x325 /home/rafael/curso_alura_cpp/UFC/RTOS/Pratica_0/stm32f103c8t6/libopencm3/lib/libopencm3_stm32f1.a(flash.o)
 .debug_abbrev  0x0000000000000000      0x14f /home/rafael/curso_alura_cpp/UFC/RTOS/Pratica_0/stm32f103c8t6/libopencm3/lib/libopencm3_stm32f1.a(flash.o)
 .debug_loc     0x0000000000000000       0x90 /home/rafael/curso_alura_cpp/UFC/RTOS/Pratica_0/stm32f103c8t6/libopencm3/lib/libopencm3_stm32f1.a(flash.o)
 .debug_aranges
                0x0000000000000000       0x80 /home/rafael/curso_alura_cpp/UFC/RTOS/Pratica_0/stm32f103c8t6/libopencm3/lib/libopencm3_stm32f1.a(flash.o)
 .debug_ranges  0x0000000000000000       0x70 /home/rafael/curso_alura_cpp/UFC/RTOS/Pratica_0/stm32f103c8t6/libopencm3/lib/libopencm3_stm32f1.a(flash.o)
 .debug_macro   0x0000000000000000       0x80 /home/rafael/curso_alura_cpp/UFC/RTOS/Pratica_0/stm32f103c8t6/libopencm3/lib/libopencm3_stm32f1.a(flash.o)
 .debug_macro   0x0000000000000000      0xa90 /home/rafael/curso_alura_cpp/UFC/RTOS/Pratica_0/stm32f103c8t6/libopencm3/lib/libopencm3_stm32f1.a(flash.o)
 .debug_macro   0x0000000000000000      0x34e /home/rafael/curso_alura_cpp/UFC/RTOS/Pratica_0/stm32f103c8t6/libopencm3/lib/libopencm3_stm32f1.a(flash.o)
 .debug_macro   0x0000000000000000       0x22 /home/rafael/curso_alura_cpp/UFC/RTOS/Pratica_0/stm32f103c8t6/libopencm3/lib/libopencm3_stm32f1.a(flash.o)
 .debug_macro   0x0000000000000000       0xfa /home/rafael/curso_alura_cpp/UFC/RTOS/Pratica_0/stm32f103c8t6/libopencm3/lib/libopencm3_stm32f1.a(flash.o)
 .debug_macro   0x0000000000000000       0x58 /home/rafael/curso_alura_cpp/UFC/RTOS/Pratica_0/stm32f103c8t6/libopencm3/lib/libopencm3_stm32f1.a(flash.o)
 .debug_macro   0x0000000000000000      0x1b4 /home/rafael/curso_alura_cpp/UFC/RTOS/Pratica_0/stm32f103c8t6/libopencm3/lib/libopencm3_stm32f1.a(flash.o)
 .debug_macro   0x0000000000000000       0xdc /home/rafael/curso_alura_cpp/UFC/RTOS/Pratica_0/stm32f103c8t6/libopencm3/lib/libopencm3_stm32f1.a(flash.o)
 .debug_macro   0x0000000000000000       0x82 /home/rafael/curso_alura_cpp/UFC/RTOS/Pratica_0/stm32f103c8t6/libopencm3/lib/libopencm3_stm32f1.a(flash.o)
 .debug_line    0x0000000000000000      0x452 /home/rafael/curso_alura_cpp/UFC/RTOS/Pratica_0/stm32f103c8t6/libopencm3/lib/libopencm3_stm32f1.a(flash.o)
 .debug_str     0x0000000000000000     0x5284 /home/rafael/curso_alura_cpp/UFC/RTOS/Pratica_0/stm32f103c8t6/libopencm3/lib/libopencm3_stm32f1.a(flash.o)
 .comment       0x0000000000000000       0x5a /home/rafael/curso_alura_cpp/UFC/RTOS/Pratica_0/stm32f103c8t6/libopencm3/lib/libopencm3_stm32f1.a(flash.o)
 .debug_frame   0x0000000000000000      0x10c /home/rafael/curso_alura_cpp/UFC/RTOS/Pratica_0/stm32f103c8t6/libopencm3/lib/libopencm3_stm32f1.a(flash.o)
 .ARM.attributes
                0x0000000000000000       0x2d /home/rafael/curso_alura_cpp/UFC/RTOS/Pratica_0/stm32f103c8t6/libopencm3/lib/libopencm3_stm32f1.a(flash.o)

Memory Configuration

Name             Origin             Length             Attributes
rom              0x0000000008000000 0x0000000000010000 xr
ram              0x0000000020000000 0x0000000000005000 xrw
*default*        0x0000000000000000 0xffffffffffffffff

Linker script and memory map

LOAD uart.o
LOAD miniprintf.o
START GROUP
LOAD /usr/lib/gcc/arm-none-eabi/9.2.1/../../../arm-none-eabi/lib/thumb/v7-m/nofp/libc.a
LOAD /usr/lib/gcc/arm-none-eabi/9.2.1/thumb/v7-m/nofp/libgcc.a
LOAD /usr/lib/gcc/arm-none-eabi/9.2.1/../../../arm-none-eabi/lib/thumb/v7-m/nofp/libnosys.a
END GROUP
LOAD /home/rafael/curso_alura_cpp/UFC/RTOS/Pratica_0/stm32f103c8t6//rtos/libwwg/libwwg.a
LOAD /home/rafael/curso_alura_cpp/UFC/RTOS/Pratica_0/stm32f103c8t6/libopencm3/lib/libopencm3_stm32f1.a
START GROUP
LOAD /usr/lib/gcc/arm-none-eabi/9.2.1/thumb/v7-m/nofp/libgcc.a
LOAD /usr/lib/gcc/arm-none-eabi/9.2.1/../../../arm-none-eabi/lib/thumb/v7-m/nofp/libc.a
END GROUP
START GROUP
LOAD /usr/lib/gcc/arm-none-eabi/9.2.1/thumb/v7-m/nofp/libgcc.a
LOAD /usr/lib/gcc/arm-none-eabi/9.2.1/../../../arm-none-eabi/lib/thumb/v7-m/nofp/libc.a
LOAD /usr/lib/gcc/arm-none-eabi/9.2.1/../../../arm-none-eabi/lib/thumb/v7-m/nofp/libnosys.a
END GROUP

.text           0x0000000008000000      0x9fc
 *(.vectors)
 .vectors       0x0000000008000000      0x150 /home/rafael/curso_alura_cpp/UFC/RTOS/Pratica_0/stm32f103c8t6/libopencm3/lib/libopencm3_stm32f1.a(vector.o)
                0x0000000008000000                vector_table
 *(.text*)
 .text.uart_putc
                0x0000000008000150        0xc uart.o
 .text.uart_printf
                0x000000000800015c       0x20 uart.o
 .text.startup.main
                0x000000000800017c      0x14c uart.o
                0x000000000800017c                main
 .text.mini_write
                0x00000000080002c8       0x16 miniprintf.o
 .text.mini_sputc
                0x00000000080002de       0x16 miniprintf.o
 .text.mini_putc
                0x00000000080002f4       0x2a miniprintf.o
 .text.mini_pad
                0x000000000800031e       0x24 miniprintf.o
 .text.internal_vprintf
                0x0000000008000342      0x16c miniprintf.o
 *fill*         0x00000000080004ae        0x2 
 .text.mini_vprintf_cooked
                0x00000000080004b0       0x30 miniprintf.o
                0x00000000080004b0                mini_vprintf_cooked
 .text.mini_snprintf
                0x00000000080004e0       0x44 miniprintf.o
                0x00000000080004e0                mini_snprintf
 .text          0x0000000008000524       0x5c /usr/lib/gcc/arm-none-eabi/9.2.1/../../../arm-none-eabi/lib/thumb/v7-m/nofp/libc.a(lib_a-strlen-stub.o)
                0x0000000008000524                strlen
 .text.gpio_set_mode
                0x0000000008000580       0x5e /home/rafael/curso_alura_cpp/UFC/RTOS/Pratica_0/stm32f103c8t6/libopencm3/lib/libopencm3_stm32f1.a(gpio.o)
                0x0000000008000580                gpio_set_mode
 *fill*         0x00000000080005de        0x2 
 .text.rcc_osc_on.part.0
                0x00000000080005e0       0x10 /home/rafael/curso_alura_cpp/UFC/RTOS/Pratica_0/stm32f103c8t6/libopencm3/lib/libopencm3_stm32f1.a(rcc.o)
 .text.rcc_is_osc_ready
                0x00000000080005f0       0x5c /home/rafael/curso_alura_cpp/UFC/RTOS/Pratica_0/stm32f103c8t6/libopencm3/lib/libopencm3_stm32f1.a(rcc.o)
                0x00000000080005f0                rcc_is_osc_ready
 .text.rcc_wait_for_osc_ready
                0x000000000800064c       0x10 /home/rafael/curso_alura_cpp/UFC/RTOS/Pratica_0/stm32f103c8t6/libopencm3/lib/libopencm3_stm32f1.a(rcc.o)
                0x000000000800064c                rcc_wait_for_osc_ready
 .text.rcc_osc_on
                0x000000000800065c       0x54 /home/rafael/curso_alura_cpp/UFC/RTOS/Pratica_0/stm32f103c8t6/libopencm3/lib/libopencm3_stm32f1.a(rcc.o)
                0x000000000800065c                rcc_osc_on
 .text.rcc_set_sysclk_source
                0x00000000080006b0       0x14 /home/rafael/curso_alura_cpp/UFC/RTOS/Pratica_0/stm32f103c8t6/libopencm3/lib/libopencm3_stm32f1.a(rcc.o)
                0x00000000080006b0                rcc_set_sysclk_source
 .text.rcc_set_pll_multiplication_factor
                0x00000000080006c4       0x14 /home/rafael/curso_alura_cpp/UFC/RTOS/Pratica_0/stm32f103c8t6/libopencm3/lib/libopencm3_stm32f1.a(rcc.o)
                0x00000000080006c4                rcc_set_pll_multiplication_factor
 .text.rcc_set_pll_source
                0x00000000080006d8       0x14 /home/rafael/curso_alura_cpp/UFC/RTOS/Pratica_0/stm32f103c8t6/libopencm3/lib/libopencm3_stm32f1.a(rcc.o)
                0x00000000080006d8                rcc_set_pll_source
 .text.rcc_set_pllxtpre
                0x00000000080006ec       0x14 /home/rafael/curso_alura_cpp/UFC/RTOS/Pratica_0/stm32f103c8t6/libopencm3/lib/libopencm3_stm32f1.a(rcc.o)
                0x00000000080006ec                rcc_set_pllxtpre
 .text.rcc_set_adcpre
                0x0000000008000700       0x14 /home/rafael/curso_alura_cpp/UFC/RTOS/Pratica_0/stm32f103c8t6/libopencm3/lib/libopencm3_stm32f1.a(rcc.o)
                0x0000000008000700                rcc_set_adcpre
 .text.rcc_set_ppre2
                0x0000000008000714       0x14 /home/rafael/curso_alura_cpp/UFC/RTOS/Pratica_0/stm32f103c8t6/libopencm3/lib/libopencm3_stm32f1.a(rcc.o)
                0x0000000008000714                rcc_set_ppre2
 .text.rcc_set_ppre1
                0x0000000008000728       0x14 /home/rafael/curso_alura_cpp/UFC/RTOS/Pratica_0/stm32f103c8t6/libopencm3/lib/libopencm3_stm32f1.a(rcc.o)
                0x0000000008000728                rcc_set_ppre1
 .text.rcc_set_hpre
                0x000000000800073c       0x14 /home/rafael/curso_alura_cpp/UFC/RTOS/Pratica_0/stm32f103c8t6/libopencm3/lib/libopencm3_stm32f1.a(rcc.o)
                0x000000000800073c                rcc_set_hpre
 .text.rcc_clock_setup_in_hse_8mhz_out_24mhz
                0x0000000008000750       0x88 /home/rafael/curso_alura_cpp/UFC/RTOS/Pratica_0/stm32f103c8t6/libopencm3/lib/libopencm3_stm32f1.a(rcc.o)
                0x0000000008000750                rcc_clock_setup_in_hse_8mhz_out_24mhz
 .text.gpio_toggle
                0x00000000080007d8       0x12 /home/rafael/curso_alura_cpp/UFC/RTOS/Pratica_0/stm32f103c8t6/libopencm3/lib/libopencm3_stm32f1.a(gpio_common_all.o)
                0x00000000080007d8                gpio_toggle
 *fill*         0x00000000080007ea        0x2 
 .text.usart_set_baudrate
                0x00000000080007ec       0x28 /home/rafael/curso_alura_cpp/UFC/RTOS/Pratica_0/stm32f103c8t6/libopencm3/lib/libopencm3_stm32f1.a(usart_common_all.o)
                0x00000000080007ec                usart_set_baudrate
 .text.usart_set_databits
                0x0000000008000814       0x12 /home/rafael/curso_alura_cpp/UFC/RTOS/Pratica_0/stm32f103c8t6/libopencm3/lib/libopencm3_stm32f1.a(usart_common_all.o)
                0x0000000008000814                usart_set_databits
 .text.usart_set_stopbits
                0x0000000008000826        0xc /home/rafael/curso_alura_cpp/UFC/RTOS/Pratica_0/stm32f103c8t6/libopencm3/lib/libopencm3_stm32f1.a(usart_common_all.o)
                0x0000000008000826                usart_set_stopbits
 .text.usart_set_parity
                0x0000000008000832        0xc /home/rafael/curso_alura_cpp/UFC/RTOS/Pratica_0/stm32f103c8t6/libopencm3/lib/libopencm3_stm32f1.a(usart_common_all.o)
                0x0000000008000832                usart_set_parity
 .text.usart_set_mode
                0x000000000800083e        0xc /home/rafael/curso_alura_cpp/UFC/RTOS/Pratica_0/stm32f103c8t6/libopencm3/lib/libopencm3_stm32f1.a(usart_common_all.o)
                0x000000000800083e                usart_set_mode
 .text.usart_set_flow_control
                0x000000000800084a        0xc /home/rafael/curso_alura_cpp/UFC/RTOS/Pratica_0/stm32f103c8t6/libopencm3/lib/libopencm3_stm32f1.a(usart_common_all.o)
                0x000000000800084a                usart_set_flow_control
 .text.usart_enable
                0x0000000008000856        0xa /home/rafael/curso_alura_cpp/UFC/RTOS/Pratica_0/stm32f103c8t6/libopencm3/lib/libopencm3_stm32f1.a(usart_common_all.o)
                0x0000000008000856                usart_enable
 .text.usart_send_blocking
                0x0000000008000860       0x16 /home/rafael/curso_alura_cpp/UFC/RTOS/Pratica_0/stm32f103c8t6/libopencm3/lib/libopencm3_stm32f1.a(usart_common_all.o)
                0x0000000008000860                usart_send_blocking
 .text.usart_send
                0x0000000008000876        0x8 /home/rafael/curso_alura_cpp/UFC/RTOS/Pratica_0/stm32f103c8t6/libopencm3/lib/libopencm3_stm32f1.a(usart_common_f124.o)
                0x0000000008000876                usart_send
 .text.usart_wait_send_ready
                0x000000000800087e        0x8 /home/rafael/curso_alura_cpp/UFC/RTOS/Pratica_0/stm32f103c8t6/libopencm3/lib/libopencm3_stm32f1.a(usart_common_f124.o)
                0x000000000800087e                usart_wait_send_ready
 .text.rcc_periph_clock_enable
                0x0000000008000886       0x1c /home/rafael/curso_alura_cpp/UFC/RTOS/Pratica_0/stm32f103c8t6/libopencm3/lib/libopencm3_stm32f1.a(rcc_common_all.o)
                0x0000000008000886                rcc_periph_clock_enable
 *fill*         0x00000000080008a2        0x2 
 .text.flash_set_ws
                0x00000000080008a4       0x14 /home/rafael/curso_alura_cpp/UFC/RTOS/Pratica_0/stm32f103c8t6/libopencm3/lib/libopencm3_stm32f1.a(flash_common_f01.o)
                0x00000000080008a4                flash_set_ws
 .text.blocking_handler
                0x00000000080008b8        0x2 /home/rafael/curso_alura_cpp/UFC/RTOS/Pratica_0/stm32f103c8t6/libopencm3/lib/libopencm3_stm32f1.a(vector.o)
                0x00000000080008b8                usart3_isr
                0x00000000080008b8                rtc_isr
                0x00000000080008b8                tim7_isr
                0x00000000080008b8                adc1_2_isr
                0x00000000080008b8                tim1_trg_com_isr
                0x00000000080008b8                usb_hp_can_tx_isr
                0x00000000080008b8                tim6_isr
                0x00000000080008b8                usb_wakeup_isr
                0x00000000080008b8                blocking_handler
                0x00000000080008b8                tim5_isr
                0x00000000080008b8                otg_fs_isr
                0x00000000080008b8                spi1_isr
                0x00000000080008b8                exti2_isr
                0x00000000080008b8                dma1_channel6_isr
                0x00000000080008b8                can_rx1_isr
                0x00000000080008b8                dma1_channel5_isr
                0x00000000080008b8                dma2_channel5_isr
                0x00000000080008b8                usart1_isr
                0x00000000080008b8                usage_fault_handler
                0x00000000080008b8                tim8_trg_com_isr
                0x00000000080008b8                can2_rx0_isr
                0x00000000080008b8                tim1_brk_isr
                0x00000000080008b8                can2_rx1_isr
                0x00000000080008b8                tim1_cc_isr
                0x00000000080008b8                sdio_isr
                0x00000000080008b8                eth_isr
                0x00000000080008b8                dma1_channel4_isr
                0x00000000080008b8                tim8_brk_isr
                0x00000000080008b8                dma2_channel4_5_isr
                0x00000000080008b8                pvd_isr
                0x00000000080008b8                rcc_isr
                0x00000000080008b8                flash_isr
                0x00000000080008b8                uart4_isr
                0x00000000080008b8                rtc_alarm_isr
                0x00000000080008b8                exti15_10_isr
                0x00000000080008b8                hard_fault_handler
                0x00000000080008b8                exti1_isr
                0x00000000080008b8                i2c1_ev_isr
                0x00000000080008b8                dma2_channel1_isr
                0x00000000080008b8                spi2_isr
                0x00000000080008b8                tim8_up_isr
                0x00000000080008b8                dma2_channel2_isr
                0x00000000080008b8                exti3_isr
                0x00000000080008b8                adc3_isr
                0x00000000080008b8                tim3_isr
                0x00000000080008b8                usart2_isr
                0x00000000080008b8                usb_lp_can_rx0_isr
                0x00000000080008b8                i2c2_er_isr
                0x00000000080008b8                i2c2_ev_isr
                0x00000000080008b8                uart5_isr
                0x00000000080008b8                fsmc_isr
                0x00000000080008b8                dma1_channel1_isr
                0x00000000080008b8                exti4_isr
                0x00000000080008b8                mem_manage_handler
                0x00000000080008b8                can2_tx_isr
                0x00000000080008b8                exti9_5_isr
                0x00000000080008b8                dma2_channel3_isr
                0x00000000080008b8                dma1_channel7_isr
                0x00000000080008b8                tim1_up_isr
                0x00000000080008b8                can2_sce_isr
                0x00000000080008b8                tim4_isr
                0x00000000080008b8                dma1_channel2_isr
                0x00000000080008b8                i2c1_er_isr
                0x00000000080008b8                can_sce_isr
                0x00000000080008b8                tim8_cc_isr
                0x00000000080008b8                tamper_isr
                0x00000000080008b8                eth_wkup_isr
                0x00000000080008b8                bus_fault_handler
                0x00000000080008b8                wwdg_isr
                0x00000000080008b8                dma1_channel3_isr
                0x00000000080008b8                spi3_isr
                0x00000000080008b8                tim2_isr
                0x00000000080008b8                exti0_isr
 .text.null_handler
                0x00000000080008ba        0x2 /home/rafael/curso_alura_cpp/UFC/RTOS/Pratica_0/stm32f103c8t6/libopencm3/lib/libopencm3_stm32f1.a(vector.o)
                0x00000000080008ba                null_handler
                0x00000000080008ba                sv_call_handler
                0x00000000080008ba                pend_sv_handler
                0x00000000080008ba                debug_monitor_handler
                0x00000000080008ba                sys_tick_handler
                0x00000000080008ba                nmi_handler
 .text.reset_handler
                0x00000000080008bc       0x8c /home/rafael/curso_alura_cpp/UFC/RTOS/Pratica_0/stm32f103c8t6/libopencm3/lib/libopencm3_stm32f1.a(vector.o)
                0x00000000080008bc                reset_handler
                0x0000000008000948                . = ALIGN (0x4)
 *(.rodata*)
 .rodata.main.str1.1
                0x0000000008000948       0xb1 uart.o
                0x00000000080009fc                . = ALIGN (0x4)
 *fill*         0x00000000080009f9        0x3 

.glue_7         0x00000000080009fc        0x0
 .glue_7        0x00000000080009fc        0x0 linker stubs

.glue_7t        0x00000000080009fc        0x0
 .glue_7t       0x00000000080009fc        0x0 linker stubs

.vfp11_veneer   0x00000000080009fc        0x0
 .vfp11_veneer  0x00000000080009fc        0x0 linker stubs

.v4_bx          0x00000000080009fc        0x0
 .v4_bx         0x00000000080009fc        0x0 linker stubs

.iplt           0x00000000080009fc        0x0
 .iplt          0x00000000080009fc        0x0 uart.o

.rel.dyn        0x00000000080009fc        0x0
 .rel.iplt      0x00000000080009fc        0x0 uart.o

.preinit_array  0x00000000080009fc        0x0
                0x00000000080009fc                . = ALIGN (0x4)
                0x00000000080009fc                __preinit_array_start = .
 *(.preinit_array)
                0x00000000080009fc                __preinit_array_end = .

.init_array     0x00000000080009fc        0x0
                0x00000000080009fc                . = ALIGN (0x4)
                0x00000000080009fc                __init_array_start = .
 *(SORT_BY_NAME(.init_array.*))
 *(.init_array)
                0x00000000080009fc                __init_array_end = .

.fini_array     0x00000000080009fc        0x0
                0x00000000080009fc                . = ALIGN (0x4)
                0x00000000080009fc                __fini_array_start = .
 *(.fini_array)
 *(SORT_BY_NAME(.fini_array.*))
                0x00000000080009fc                __fini_array_end = .

.ARM.extab
 *(.ARM.extab*)

.ARM.exidx      0x00000000080009fc        0x0
                0x00000000080009fc                __exidx_start = .
 *(.ARM.exidx*)
                0x00000000080009fc                __exidx_end = .
                0x00000000080009fc                . = ALIGN (0x4)
                0x00000000080009fc                _etext = .

.data           0x0000000020000000        0xc load address 0x00000000080009fc
                0x0000000020000000                _data = .
 *(.data*)
 .data.rcc_ahb_frequency
                0x0000000020000000        0x4 /home/rafael/curso_alura_cpp/UFC/RTOS/Pratica_0/stm32f103c8t6/libopencm3/lib/libopencm3_stm32f1.a(rcc.o)
                0x0000000020000000                rcc_ahb_frequency
 .data.rcc_apb1_frequency
                0x0000000020000004        0x4 /home/rafael/curso_alura_cpp/UFC/RTOS/Pratica_0/stm32f103c8t6/libopencm3/lib/libopencm3_stm32f1.a(rcc.o)
                0x0000000020000004                rcc_apb1_frequency
 .data.rcc_apb2_frequency
                0x0000000020000008        0x4 /home/rafael/curso_alura_cpp/UFC/RTOS/Pratica_0/stm32f103c8t6/libopencm3/lib/libopencm3_stm32f1.a(rcc.o)
                0x0000000020000008                rcc_apb2_frequency
                0x000000002000000c                . = ALIGN (0x4)
                0x000000002000000c                _edata = .
                0x00000000080009fc                _data_loadaddr = LOADADDR (.data)

.igot.plt       0x000000002000000c        0x0 load address 0x0000000008000a08
 .igot.plt      0x000000002000000c        0x0 uart.o

.bss            0x000000002000000c        0x0 load address 0x0000000008000a08
 *(.bss*)
 *(COMMON)
                0x000000002000000c                . = ALIGN (0x4)
                0x000000002000000c                _ebss = .

/DISCARD/
 *(.eh_frame)
                0x000000002000000c                . = ALIGN (0x4)
                0x000000002000000c                end = .
                0x0000000020005000                PROVIDE (_stack = (ORIGIN (ram) + LENGTH (ram)))
OUTPUT(uart.elf elf32-littlearm)
LOAD linker stubs

.debug_info     0x0000000000000000     0x4aad
 .debug_info    0x0000000000000000      0x784 uart.o
 .debug_info    0x0000000000000784     0x1134 miniprintf.o
 .debug_info    0x00000000000018b8      0x941 /usr/lib/gcc/arm-none-eabi/9.2.1/../../../arm-none-eabi/lib/thumb/v7-m/nofp/libc.a(lib_a-strlen-stub.o)
 .debug_info    0x00000000000021f9      0x1e6 /home/rafael/curso_alura_cpp/UFC/RTOS/Pratica_0/stm32f103c8t6/libopencm3/lib/libopencm3_stm32f1.a(gpio.o)
 .debug_info    0x00000000000023df     0x1283 /home/rafael/curso_alura_cpp/UFC/RTOS/Pratica_0/stm32f103c8t6/libopencm3/lib/libopencm3_stm32f1.a(rcc.o)
 .debug_info    0x0000000000003662      0x24e /home/rafael/curso_alura_cpp/UFC/RTOS/Pratica_0/stm32f103c8t6/libopencm3/lib/libopencm3_stm32f1.a(gpio_common_all.o)
 .debug_info    0x00000000000038b0      0x501 /home/rafael/curso_alura_cpp/UFC/RTOS/Pratica_0/stm32f103c8t6/libopencm3/lib/libopencm3_stm32f1.a(usart_common_all.o)
 .debug_info    0x0000000000003db1      0x1ad /home/rafael/curso_alura_cpp/UFC/RTOS/Pratica_0/stm32f103c8t6/libopencm3/lib/libopencm3_stm32f1.a(usart_common_f124.o)
 .debug_info    0x0000000000003f5e      0x5f7 /home/rafael/curso_alura_cpp/UFC/RTOS/Pratica_0/stm32f103c8t6/libopencm3/lib/libopencm3_stm32f1.a(rcc_common_all.o)
 .debug_info    0x0000000000004555      0x287 /home/rafael/curso_alura_cpp/UFC/RTOS/Pratica_0/stm32f103c8t6/libopencm3/lib/libopencm3_stm32f1.a(flash_common_f01.o)
 .debug_info    0x00000000000047dc      0x2d1 /home/rafael/curso_alura_cpp/UFC/RTOS/Pratica_0/stm32f103c8t6/libopencm3/lib/libopencm3_stm32f1.a(vector.o)

.debug_abbrev   0x0000000000000000     0x1222
 .debug_abbrev  0x0000000000000000      0x246 uart.o
 .debug_abbrev  0x0000000000000246      0x3d4 miniprintf.o
 .debug_abbrev  0x000000000000061a      0x1d2 /usr/lib/gcc/arm-none-eabi/9.2.1/../../../arm-none-eabi/lib/thumb/v7-m/nofp/libc.a(lib_a-strlen-stub.o)
 .debug_abbrev  0x00000000000007ec       0xd0 /home/rafael/curso_alura_cpp/UFC/RTOS/Pratica_0/stm32f103c8t6/libopencm3/lib/libopencm3_stm32f1.a(gpio.o)
 .debug_abbrev  0x00000000000008bc      0x2e1 /home/rafael/curso_alura_cpp/UFC/RTOS/Pratica_0/stm32f103c8t6/libopencm3/lib/libopencm3_stm32f1.a(rcc.o)
 .debug_abbrev  0x0000000000000b9d      0x116 /home/rafael/curso_alura_cpp/UFC/RTOS/Pratica_0/stm32f103c8t6/libopencm3/lib/libopencm3_stm32f1.a(gpio_common_all.o)
 .debug_abbrev  0x0000000000000cb3      0x129 /home/rafael/curso_alura_cpp/UFC/RTOS/Pratica_0/stm32f103c8t6/libopencm3/lib/libopencm3_stm32f1.a(usart_common_all.o)
 .debug_abbrev  0x0000000000000ddc       0xc8 /home/rafael/curso_alura_cpp/UFC/RTOS/Pratica_0/stm32f103c8t6/libopencm3/lib/libopencm3_stm32f1.a(usart_common_f124.o)
 .debug_abbrev  0x0000000000000ea4      0x15d /home/rafael/curso_alura_cpp/UFC/RTOS/Pratica_0/stm32f103c8t6/libopencm3/lib/libopencm3_stm32f1.a(rcc_common_all.o)
 .debug_abbrev  0x0000000000001001       0xdc /home/rafael/curso_alura_cpp/UFC/RTOS/Pratica_0/stm32f103c8t6/libopencm3/lib/libopencm3_stm32f1.a(flash_common_f01.o)
 .debug_abbrev  0x00000000000010dd      0x145 /home/rafael/curso_alura_cpp/UFC/RTOS/Pratica_0/stm32f103c8t6/libopencm3/lib/libopencm3_stm32f1.a(vector.o)

.debug_loc      0x0000000000000000     0x1580
 .debug_loc     0x0000000000000000      0x1b8 uart.o
 .debug_loc     0x00000000000001b8      0x9a9 miniprintf.o
 .debug_loc     0x0000000000000b61       0x25 /usr/lib/gcc/arm-none-eabi/9.2.1/../../../arm-none-eabi/lib/thumb/v7-m/nofp/libc.a(lib_a-strlen-stub.o)
 .debug_loc     0x0000000000000b86      0x134 /home/rafael/curso_alura_cpp/UFC/RTOS/Pratica_0/stm32f103c8t6/libopencm3/lib/libopencm3_stm32f1.a(gpio.o)
 .debug_loc     0x0000000000000cba      0x39c /home/rafael/curso_alura_cpp/UFC/RTOS/Pratica_0/stm32f103c8t6/libopencm3/lib/libopencm3_stm32f1.a(rcc.o)
 .debug_loc     0x0000000000001056       0xbe /home/rafael/curso_alura_cpp/UFC/RTOS/Pratica_0/stm32f103c8t6/libopencm3/lib/libopencm3_stm32f1.a(gpio_common_all.o)
 .debug_loc     0x0000000000001114      0x172 /home/rafael/curso_alura_cpp/UFC/RTOS/Pratica_0/stm32f103c8t6/libopencm3/lib/libopencm3_stm32f1.a(usart_common_all.o)
 .debug_loc     0x0000000000001286       0x99 /home/rafael/curso_alura_cpp/UFC/RTOS/Pratica_0/stm32f103c8t6/libopencm3/lib/libopencm3_stm32f1.a(usart_common_f124.o)
 .debug_loc     0x000000000000131f       0x6f /home/rafael/curso_alura_cpp/UFC/RTOS/Pratica_0/stm32f103c8t6/libopencm3/lib/libopencm3_stm32f1.a(rcc_common_all.o)
 .debug_loc     0x000000000000138e       0xca /home/rafael/curso_alura_cpp/UFC/RTOS/Pratica_0/stm32f103c8t6/libopencm3/lib/libopencm3_stm32f1.a(flash_common_f01.o)
 .debug_loc     0x0000000000001458      0x128 /home/rafael/curso_alura_cpp/UFC/RTOS/Pratica_0/stm32f103c8t6/libopencm3/lib/libopencm3_stm32f1.a(vector.o)

.debug_aranges  0x0000000000000000      0x490
 .debug_aranges
                0x0000000000000000       0x30 uart.o
 .debug_aranges
                0x0000000000000030       0x58 miniprintf.o
 .debug_aranges
                0x0000000000000088       0x20 /usr/lib/gcc/arm-none-eabi/9.2.1/../../../arm-none-eabi/lib/thumb/v7-m/nofp/libc.a(lib_a-strlen-stub.o)
 .debug_aranges
                0x00000000000000a8       0x38 /home/rafael/curso_alura_cpp/UFC/RTOS/Pratica_0/stm32f103c8t6/libopencm3/lib/libopencm3_stm32f1.a(gpio.o)
 .debug_aranges
                0x00000000000000e0      0x158 /home/rafael/curso_alura_cpp/UFC/RTOS/Pratica_0/stm32f103c8t6/libopencm3/lib/libopencm3_stm32f1.a(rcc.o)
 .debug_aranges
                0x0000000000000238       0x50 /home/rafael/curso_alura_cpp/UFC/RTOS/Pratica_0/stm32f103c8t6/libopencm3/lib/libopencm3_stm32f1.a(gpio_common_all.o)
 .debug_aranges
                0x0000000000000288       0xb8 /home/rafael/curso_alura_cpp/UFC/RTOS/Pratica_0/stm32f103c8t6/libopencm3/lib/libopencm3_stm32f1.a(usart_common_all.o)
 .debug_aranges
                0x0000000000000340       0x40 /home/rafael/curso_alura_cpp/UFC/RTOS/Pratica_0/stm32f103c8t6/libopencm3/lib/libopencm3_stm32f1.a(usart_common_f124.o)
 .debug_aranges
                0x0000000000000380       0x58 /home/rafael/curso_alura_cpp/UFC/RTOS/Pratica_0/stm32f103c8t6/libopencm3/lib/libopencm3_stm32f1.a(rcc_common_all.o)
 .debug_aranges
                0x00000000000003d8       0x88 /home/rafael/curso_alura_cpp/UFC/RTOS/Pratica_0/stm32f103c8t6/libopencm3/lib/libopencm3_stm32f1.a(flash_common_f01.o)
 .debug_aranges
                0x0000000000000460       0x30 /home/rafael/curso_alura_cpp/UFC/RTOS/Pratica_0/stm32f103c8t6/libopencm3/lib/libopencm3_stm32f1.a(vector.o)

.debug_ranges   0x0000000000000000      0x4e0
 .debug_ranges  0x0000000000000000       0x68 uart.o
 .debug_ranges  0x0000000000000068       0x90 miniprintf.o
 .debug_ranges  0x00000000000000f8       0x10 /usr/lib/gcc/arm-none-eabi/9.2.1/../../../arm-none-eabi/lib/thumb/v7-m/nofp/libc.a(lib_a-strlen-stub.o)
 .debug_ranges  0x0000000000000108       0x28 /home/rafael/curso_alura_cpp/UFC/RTOS/Pratica_0/stm32f103c8t6/libopencm3/lib/libopencm3_stm32f1.a(gpio.o)
 .debug_ranges  0x0000000000000130      0x1b8 /home/rafael/curso_alura_cpp/UFC/RTOS/Pratica_0/stm32f103c8t6/libopencm3/lib/libopencm3_stm32f1.a(rcc.o)
 .debug_ranges  0x00000000000002e8       0x40 /home/rafael/curso_alura_cpp/UFC/RTOS/Pratica_0/stm32f103c8t6/libopencm3/lib/libopencm3_stm32f1.a(gpio_common_all.o)
 .debug_ranges  0x0000000000000328       0xa8 /home/rafael/curso_alura_cpp/UFC/RTOS/Pratica_0/stm32f103c8t6/libopencm3/lib/libopencm3_stm32f1.a(usart_common_all.o)
 .debug_ranges  0x00000000000003d0       0x30 /home/rafael/curso_alura_cpp/UFC/RTOS/Pratica_0/stm32f103c8t6/libopencm3/lib/libopencm3_stm32f1.a(usart_common_f124.o)
 .debug_ranges  0x0000000000000400       0x48 /home/rafael/curso_alura_cpp/UFC/RTOS/Pratica_0/stm32f103c8t6/libopencm3/lib/libopencm3_stm32f1.a(rcc_common_all.o)
 .debug_ranges  0x0000000000000448       0x78 /home/rafael/curso_alura_cpp/UFC/RTOS/Pratica_0/stm32f103c8t6/libopencm3/lib/libopencm3_stm32f1.a(flash_common_f01.o)
 .debug_ranges  0x00000000000004c0       0x20 /home/rafael/curso_alura_cpp/UFC/RTOS/Pratica_0/stm32f103c8t6/libopencm3/lib/libopencm3_stm32f1.a(vector.o)

.debug_line     0x0000000000000000     0x2962
 .debug_line    0x0000000000000000      0x2cd uart.o
 .debug_line    0x00000000000002cd      0x4c1 miniprintf.o
 .debug_line    0x000000000000078e      0x14e /usr/lib/gcc/arm-none-eabi/9.2.1/../../../arm-none-eabi/lib/thumb/v7-m/nofp/libc.a(lib_a-strlen-stub.o)
 .debug_line    0x00000000000008dc      0x264 /home/rafael/curso_alura_cpp/UFC/RTOS/Pratica_0/stm32f103c8t6/libopencm3/lib/libopencm3_stm32f1.a(gpio.o)
 .debug_line    0x0000000000000b40      0xb85 /home/rafael/curso_alura_cpp/UFC/RTOS/Pratica_0/stm32f103c8t6/libopencm3/lib/libopencm3_stm32f1.a(rcc.o)
 .debug_line    0x00000000000016c5      0x27a /home/rafael/curso_alura_cpp/UFC/RTOS/Pratica_0/stm32f103c8t6/libopencm3/lib/libopencm3_stm32f1.a(gpio_common_all.o)
 .debug_line    0x000000000000193f      0x480 /home/rafael/curso_alura_cpp/UFC/RTOS/Pratica_0/stm32f103c8t6/libopencm3/lib/libopencm3_stm32f1.a(usart_common_all.o)
 .debug_line    0x0000000000001dbf      0x26f /home/rafael/curso_alura_cpp/UFC/RTOS/Pratica_0/stm32f103c8t6/libopencm3/lib/libopencm3_stm32f1.a(usart_common_f124.o)
 .debug_line    0x000000000000202e      0x2a3 /home/rafael/curso_alura_cpp/UFC/RTOS/Pratica_0/stm32f103c8t6/libopencm3/lib/libopencm3_stm32f1.a(rcc_common_all.o)
 .debug_line    0x00000000000022d1      0x395 /home/rafael/curso_alura_cpp/UFC/RTOS/Pratica_0/stm32f103c8t6/libopencm3/lib/libopencm3_stm32f1.a(flash_common_f01.o)
 .debug_line    0x0000000000002666      0x2fc /home/rafael/curso_alura_cpp/UFC/RTOS/Pratica_0/stm32f103c8t6/libopencm3/lib/libopencm3_stm32f1.a(vector.o)

.debug_str      0x0000000000000000     0xf632
 .debug_str     0x0000000000000000      0x503 uart.o
                                        0x5a4 (size before relaxing)
 .debug_str     0x0000000000000503      0x492 miniprintf.o
                                        0x6c8 (size before relaxing)
 .debug_str     0x0000000000000995      0x13f /usr/lib/gcc/arm-none-eabi/9.2.1/../../../arm-none-eabi/lib/thumb/v7-m/nofp/libc.a(lib_a-strlen-stub.o)
                                        0x5ae (size before relaxing)
 .debug_str     0x0000000000000ad4     0x7fc0 /home/rafael/curso_alura_cpp/UFC/RTOS/Pratica_0/stm32f103c8t6/libopencm3/lib/libopencm3_stm32f1.a(gpio.o)
                                       0x8146 (size before relaxing)
 .debug_str     0x0000000000008a94     0x304f /home/rafael/curso_alura_cpp/UFC/RTOS/Pratica_0/stm32f103c8t6/libopencm3/lib/libopencm3_stm32f1.a(rcc.o)
                                       0x79f9 (size before relaxing)
 .debug_str     0x000000000000bae3       0x6e /home/rafael/curso_alura_cpp/UFC/RTOS/Pratica_0/stm32f103c8t6/libopencm3/lib/libopencm3_stm32f1.a(gpio_common_all.o)
                                       0x8144 (size before relaxing)
 .debug_str     0x000000000000bb51     0x10ec /home/rafael/curso_alura_cpp/UFC/RTOS/Pratica_0/stm32f103c8t6/libopencm3/lib/libopencm3_stm32f1.a(usart_common_all.o)
                                       0x7f30 (size before relaxing)
 .debug_str     0x000000000000cc3d       0x2d /home/rafael/curso_alura_cpp/UFC/RTOS/Pratica_0/stm32f103c8t6/libopencm3/lib/libopencm3_stm32f1.a(usart_common_f124.o)
                                       0x7d6a (size before relaxing)
 .debug_str     0x000000000000cc6a      0x35b /home/rafael/curso_alura_cpp/UFC/RTOS/Pratica_0/stm32f103c8t6/libopencm3/lib/libopencm3_stm32f1.a(rcc_common_all.o)
                                       0x737c (size before relaxing)
 .debug_str     0x000000000000cfc5      0x181 /home/rafael/curso_alura_cpp/UFC/RTOS/Pratica_0/stm32f103c8t6/libopencm3/lib/libopencm3_stm32f1.a(flash_common_f01.o)
                                       0x51f7 (size before relaxing)
 .debug_str     0x000000000000d146     0x24ec /home/rafael/curso_alura_cpp/UFC/RTOS/Pratica_0/stm32f103c8t6/libopencm3/lib/libopencm3_stm32f1.a(vector.o)
                                       0x62a3 (size before relaxing)

.comment        0x0000000000000000       0xa7
 .comment       0x0000000000000000       0x59 uart.o
                                         0x5a (size before relaxing)
 .comment       0x0000000000000059       0x5a miniprintf.o
 .comment       0x0000000000000059       0x4e /usr/lib/gcc/arm-none-eabi/9.2.1/../../../arm-none-eabi/lib/thumb/v7-m/nofp/libc.a(lib_a-strlen-stub.o)
                                         0x4f (size before relaxing)
 .comment       0x00000000000000a7       0x5a /home/rafael/curso_alura_cpp/UFC/RTOS/Pratica_0/stm32f103c8t6/libopencm3/lib/libopencm3_stm32f1.a(gpio.o)
 .comment       0x00000000000000a7       0x5a /home/rafael/curso_alura_cpp/UFC/RTOS/Pratica_0/stm32f103c8t6/libopencm3/lib/libopencm3_stm32f1.a(rcc.o)
 .comment       0x00000000000000a7       0x5a /home/rafael/curso_alura_cpp/UFC/RTOS/Pratica_0/stm32f103c8t6/libopencm3/lib/libopencm3_stm32f1.a(gpio_common_all.o)
 .comment       0x00000000000000a7       0x5a /home/rafael/curso_alura_cpp/UFC/RTOS/Pratica_0/stm32f103c8t6/libopencm3/lib/libopencm3_stm32f1.a(usart_common_all.o)
 .comment       0x00000000000000a7       0x5a /home/rafael/curso_alura_cpp/UFC/RTOS/Pratica_0/stm32f103c8t6/libopencm3/lib/libopencm3_stm32f1.a(usart_common_f124.o)
 .comment       0x00000000000000a7       0x5a /home/rafael/curso_alura_cpp/UFC/RTOS/Pratica_0/stm32f103c8t6/libopencm3/lib/libopencm3_stm32f1.a(rcc_common_all.o)
 .comment       0x00000000000000a7       0x5a /home/rafael/curso_alura_cpp/UFC/RTOS/Pratica_0/stm32f103c8t6/libopencm3/lib/libopencm3_stm32f1.a(flash_common_f01.o)
 .comment       0x00000000000000a7       0x5a /home/rafael/curso_alura_cpp/UFC/RTOS/Pratica_0/stm32f103c8t6/libopencm3/lib/libopencm3_stm32f1.a(vector.o)

.ARM.attributes
                0x0000000000000000       0x2d
 .ARM.attributes
                0x0000000000000000       0x2d uart.o
 .ARM.attributes
                0x000000000000002d       0x2d miniprintf.o
 .ARM.attributes
                0x000000000000005a       0x2d /usr/lib/gcc/arm-none-eabi/9.2.1/../../../arm-none-eabi/lib/thumb/v7-m/nofp/libc.a(lib_a-strlen-stub.o)
 .ARM.attributes
                0x0000000000000087       0x2d /home/rafael/curso_alura_cpp/UFC/RTOS/Pratica_0/stm32f103c8t6/libopencm3/lib/libopencm3_stm32f1.a(gpio.o)
 .ARM.attributes
                0x00000000000000b4       0x2d /home/rafael/curso_alura_cpp/UFC/RTOS/Pratica_0/stm32f103c8t6/libopencm3/lib/libopencm3_stm32f1.a(rcc.o)
 .ARM.attributes
                0x00000000000000e1       0x2d /home/rafael/curso_alura_cpp/UFC/RTOS/Pratica_0/stm32f103c8t6/libopencm3/lib/libopencm3_stm32f1.a(gpio_common_all.o)
 .ARM.attributes
                0x000000000000010e       0x2d /home/rafael/curso_alura_cpp/UFC/RTOS/Pratica_0/stm32f103c8t6/libopencm3/lib/libopencm3_stm32f1.a(usart_common_all.o)
 .ARM.attributes
                0x000000000000013b       0x2d /home/rafael/curso_alura_cpp/UFC/RTOS/Pratica_0/stm32f103c8t6/libopencm3/lib/libopencm3_stm32f1.a(usart_common_f124.o)
 .ARM.attributes
                0x0000000000000168       0x2d /home/rafael/curso_alura_cpp/UFC/RTOS/Pratica_0/stm32f103c8t6/libopencm3/lib/libopencm3_stm32f1.a(rcc_common_all.o)
 .ARM.attributes
                0x0000000000000195       0x2d /home/rafael/curso_alura_cpp/UFC/RTOS/Pratica_0/stm32f103c8t6/libopencm3/lib/libopencm3_stm32f1.a(flash_common_f01.o)
 .ARM.attributes
                0x00000000000001c2       0x2d /home/rafael/curso_alura_cpp/UFC/RTOS/Pratica_0/stm32f103c8t6/libopencm3/lib/libopencm3_stm32f1.a(vector.o)

.debug_frame    0x0000000000000000      0x968
 .debug_frame   0x0000000000000000       0x78 uart.o
 .debug_frame   0x0000000000000078      0x110 miniprintf.o
 .debug_frame   0x0000000000000188       0x20 /usr/lib/gcc/arm-none-eabi/9.2.1/../../../arm-none-eabi/lib/thumb/v7-m/nofp/libc.a(lib_a-strlen-stub.o)
 .debug_frame   0x00000000000001a8       0x60 /home/rafael/curso_alura_cpp/UFC/RTOS/Pratica_0/stm32f103c8t6/libopencm3/lib/libopencm3_stm32f1.a(gpio.o)
 .debug_frame   0x0000000000000208      0x2e0 /home/rafael/curso_alura_cpp/UFC/RTOS/Pratica_0/stm32f103c8t6/libopencm3/lib/libopencm3_stm32f1.a(rcc.o)
 .debug_frame   0x00000000000004e8       0x80 /home/rafael/curso_alura_cpp/UFC/RTOS/Pratica_0/stm32f103c8t6/libopencm3/lib/libopencm3_stm32f1.a(gpio_common_all.o)
 .debug_frame   0x0000000000000568      0x170 /home/rafael/curso_alura_cpp/UFC/RTOS/Pratica_0/stm32f103c8t6/libopencm3/lib/libopencm3_stm32f1.a(usart_common_all.o)
 .debug_frame   0x00000000000006d8       0x60 /home/rafael/curso_alura_cpp/UFC/RTOS/Pratica_0/stm32f103c8t6/libopencm3/lib/libopencm3_stm32f1.a(usart_common_f124.o)
 .debug_frame   0x0000000000000738       0xd0 /home/rafael/curso_alura_cpp/UFC/RTOS/Pratica_0/stm32f103c8t6/libopencm3/lib/libopencm3_stm32f1.a(rcc_common_all.o)
 .debug_frame   0x0000000000000808      0x120 /home/rafael/curso_alura_cpp/UFC/RTOS/Pratica_0/stm32f103c8t6/libopencm3/lib/libopencm3_stm32f1.a(flash_common_f01.o)
 .debug_frame   0x0000000000000928       0x40 /home/rafael/curso_alura_cpp/UFC/RTOS/Pratica_0/stm32f103c8t6/libopencm3/lib/libopencm3_stm32f1.a(vector.o)

.debug_macro    0x0000000000000000     0x3610
 .debug_macro   0x0000000000000000       0x70 /home/rafael/curso_alura_cpp/UFC/RTOS/Pratica_0/stm32f103c8t6/libopencm3/lib/libopencm3_stm32f1.a(gpio.o)
 .debug_macro   0x0000000000000070      0xa90 /home/rafael/curso_alura_cpp/UFC/RTOS/Pratica_0/stm32f103c8t6/libopencm3/lib/libopencm3_stm32f1.a(gpio.o)
 .debug_macro   0x0000000000000b00      0x34e /home/rafael/curso_alura_cpp/UFC/RTOS/Pratica_0/stm32f103c8t6/libopencm3/lib/libopencm3_stm32f1.a(gpio.o)
 .debug_macro   0x0000000000000e4e       0x22 /home/rafael/curso_alura_cpp/UFC/RTOS/Pratica_0/stm32f103c8t6/libopencm3/lib/libopencm3_stm32f1.a(gpio.o)
 .debug_macro   0x0000000000000e70       0xfa /home/rafael/curso_alura_cpp/UFC/RTOS/Pratica_0/stm32f103c8t6/libopencm3/lib/libopencm3_stm32f1.a(gpio.o)
 .debug_macro   0x0000000000000f6a       0x58 /home/rafael/curso_alura_cpp/UFC/RTOS/Pratica_0/stm32f103c8t6/libopencm3/lib/libopencm3_stm32f1.a(gpio.o)
 .debug_macro   0x0000000000000fc2      0x1b4 /home/rafael/curso_alura_cpp/UFC/RTOS/Pratica_0/stm32f103c8t6/libopencm3/lib/libopencm3_stm32f1.a(gpio.o)
 .debug_macro   0x0000000000001176       0x76 /home/rafael/curso_alura_cpp/UFC/RTOS/Pratica_0/stm32f103c8t6/libopencm3/lib/libopencm3_stm32f1.a(gpio.o)
 .debug_macro   0x00000000000011ec      0xdfd /home/rafael/curso_alura_cpp/UFC/RTOS/Pratica_0/stm32f103c8t6/libopencm3/lib/libopencm3_stm32f1.a(gpio.o)
 .debug_macro   0x0000000000001fe9       0x97 /home/rafael/curso_alura_cpp/UFC/RTOS/Pratica_0/stm32f103c8t6/libopencm3/lib/libopencm3_stm32f1.a(rcc.o)
 .debug_macro   0x0000000000002080       0x16 /home/rafael/curso_alura_cpp/UFC/RTOS/Pratica_0/stm32f103c8t6/libopencm3/lib/libopencm3_stm32f1.a(rcc.o)
 .debug_macro   0x0000000000002096      0x82c /home/rafael/curso_alura_cpp/UFC/RTOS/Pratica_0/stm32f103c8t6/libopencm3/lib/libopencm3_stm32f1.a(rcc.o)
 .debug_macro   0x00000000000028c2       0xdc /home/rafael/curso_alura_cpp/UFC/RTOS/Pratica_0/stm32f103c8t6/libopencm3/lib/libopencm3_stm32f1.a(rcc.o)
 .debug_macro   0x000000000000299e       0x82 /home/rafael/curso_alura_cpp/UFC/RTOS/Pratica_0/stm32f103c8t6/libopencm3/lib/libopencm3_stm32f1.a(rcc.o)
 .debug_macro   0x0000000000002a20       0x70 /home/rafael/curso_alura_cpp/UFC/RTOS/Pratica_0/stm32f103c8t6/libopencm3/lib/libopencm3_stm32f1.a(gpio_common_all.o)
 .debug_macro   0x0000000000002a90       0x92 /home/rafael/curso_alura_cpp/UFC/RTOS/Pratica_0/stm32f103c8t6/libopencm3/lib/libopencm3_stm32f1.a(usart_common_all.o)
 .debug_macro   0x0000000000002b22       0x94 /home/rafael/curso_alura_cpp/UFC/RTOS/Pratica_0/stm32f103c8t6/libopencm3/lib/libopencm3_stm32f1.a(usart_common_all.o)
 .debug_macro   0x0000000000002bb6      0x29e /home/rafael/curso_alura_cpp/UFC/RTOS/Pratica_0/stm32f103c8t6/libopencm3/lib/libopencm3_stm32f1.a(usart_common_all.o)
 .debug_macro   0x0000000000002e54       0x92 /home/rafael/curso_alura_cpp/UFC/RTOS/Pratica_0/stm32f103c8t6/libopencm3/lib/libopencm3_stm32f1.a(usart_common_f124.o)
 .debug_macro   0x0000000000002ee6       0x86 /home/rafael/curso_alura_cpp/UFC/RTOS/Pratica_0/stm32f103c8t6/libopencm3/lib/libopencm3_stm32f1.a(rcc_common_all.o)
 .debug_macro   0x0000000000002f6c       0x70 /home/rafael/curso_alura_cpp/UFC/RTOS/Pratica_0/stm32f103c8t6/libopencm3/lib/libopencm3_stm32f1.a(flash_common_f01.o)
 .debug_macro   0x0000000000002fdc       0x87 /home/rafael/curso_alura_cpp/UFC/RTOS/Pratica_0/stm32f103c8t6/libopencm3/lib/libopencm3_stm32f1.a(vector.o)
 .debug_macro   0x0000000000003063      0x3a1 /home/rafael/curso_alura_cpp/UFC/RTOS/Pratica_0/stm32f103c8t6/libopencm3/lib/libopencm3_stm32f1.a(vector.o)
 .debug_macro   0x0000000000003404       0x6a /home/rafael/curso_alura_cpp/UFC/RTOS/Pratica_0/stm32f103c8t6/libopencm3/lib/libopencm3_stm32f1.a(vector.o)
 .debug_macro   0x000000000000346e      0x1a2 /home/rafael/curso_alura_cpp/UFC/RTOS/Pratica_0/stm32f103c8t6/libopencm3/lib/libopencm3_stm32f1.a(vector.o)
